Archive member included to satisfy reference by file (symbol)

/var/www/html/antmedia/glibc-2.29/build/libc_pic.a(check_fds.os)
                              /var/www/html/antmedia/glibc-2.29/build/elf/dl-allobjs.os (__libc_check_standard_fds)
/var/www/html/antmedia/glibc-2.29/build/libc_pic.a(errno.os)
                              /var/www/html/antmedia/glibc-2.29/build/libc_pic.a(check_fds.os) (__libc_errno)
/var/www/html/antmedia/glibc-2.29/build/libc_pic.a(setjmp.os)
                              /var/www/html/antmedia/glibc-2.29/build/elf/dl-allobjs.os (__sigsetjmp)
/var/www/html/antmedia/glibc-2.29/build/libc_pic.a(__longjmp.os)
                              /var/www/html/antmedia/glibc-2.29/build/elf/dl-allobjs.os (__longjmp)
/var/www/html/antmedia/glibc-2.29/build/libc_pic.a(scratch_buffer_set_array_size.os)
                              /var/www/html/antmedia/glibc-2.29/build/elf/dl-allobjs.os (__libc_scratch_buffer_set_array_size)
/var/www/html/antmedia/glibc-2.29/build/libc_pic.a(strchr.os)
                              /var/www/html/antmedia/glibc-2.29/build/elf/dl-allobjs.os (strchr)
/var/www/html/antmedia/glibc-2.29/build/libc_pic.a(strcmp.os)
                              /var/www/html/antmedia/glibc-2.29/build/elf/dl-allobjs.os (strcmp)
/var/www/html/antmedia/glibc-2.29/build/libc_pic.a(strcspn.os)
                              /var/www/html/antmedia/glibc-2.29/build/elf/dl-allobjs.os (strcspn)
/var/www/html/antmedia/glibc-2.29/build/libc_pic.a(strdup.os)
                              /var/www/html/antmedia/glibc-2.29/build/elf/dl-allobjs.os (__strdup)
/var/www/html/antmedia/glibc-2.29/build/libc_pic.a(strlen.os)
                              /var/www/html/antmedia/glibc-2.29/build/elf/dl-allobjs.os (strlen)
/var/www/html/antmedia/glibc-2.29/build/libc_pic.a(strnlen.os)
                              /var/www/html/antmedia/glibc-2.29/build/elf/dl-allobjs.os (strnlen)
/var/www/html/antmedia/glibc-2.29/build/libc_pic.a(strncmp.os)
                              /var/www/html/antmedia/glibc-2.29/build/elf/dl-allobjs.os (strncmp)
/var/www/html/antmedia/glibc-2.29/build/libc_pic.a(memchr.os)
                              /var/www/html/antmedia/glibc-2.29/build/elf/dl-allobjs.os (memchr)
/var/www/html/antmedia/glibc-2.29/build/libc_pic.a(memcmp.os)
                              /var/www/html/antmedia/glibc-2.29/build/elf/dl-allobjs.os (memcmp)
/var/www/html/antmedia/glibc-2.29/build/libc_pic.a(memmove.os)
                              /var/www/html/antmedia/glibc-2.29/build/elf/dl-allobjs.os (memmove)
/var/www/html/antmedia/glibc-2.29/build/libc_pic.a(memset.os)
                              /var/www/html/antmedia/glibc-2.29/build/elf/dl-allobjs.os (memset)
/var/www/html/antmedia/glibc-2.29/build/libc_pic.a(mempcpy.os)
                              /var/www/html/antmedia/glibc-2.29/build/elf/dl-allobjs.os (__mempcpy)
/var/www/html/antmedia/glibc-2.29/build/libc_pic.a(stpcpy.os)
                              /var/www/html/antmedia/glibc-2.29/build/elf/dl-allobjs.os (__stpcpy)
/var/www/html/antmedia/glibc-2.29/build/libc_pic.a(memcpy.os)
                              /var/www/html/antmedia/glibc-2.29/build/elf/dl-allobjs.os (memcpy)
/var/www/html/antmedia/glibc-2.29/build/libc_pic.a(rawmemchr.os)
                              /var/www/html/antmedia/glibc-2.29/build/elf/dl-allobjs.os (rawmemchr)
/var/www/html/antmedia/glibc-2.29/build/libc_pic.a(strchrnul.os)
                              /var/www/html/antmedia/glibc-2.29/build/libc_pic.a(strcspn.os) (__strchrnul)
/var/www/html/antmedia/glibc-2.29/build/libc_pic.a(memcpy_generic.os)
                              /var/www/html/antmedia/glibc-2.29/build/libc_pic.a(check_fds.os) (__GI_memcpy)
/var/www/html/antmedia/glibc-2.29/build/libc_pic.a(memcpy_thunderx.os)
                              /var/www/html/antmedia/glibc-2.29/build/libc_pic.a(memmove.os) (__memmove_thunderx)
/var/www/html/antmedia/glibc-2.29/build/libc_pic.a(memcpy_thunderx2.os)
                              /var/www/html/antmedia/glibc-2.29/build/libc_pic.a(memcpy.os) (__memcpy_thunderx2)
/var/www/html/antmedia/glibc-2.29/build/libc_pic.a(memcpy_falkor.os)
                              /var/www/html/antmedia/glibc-2.29/build/libc_pic.a(memcpy.os) (__memcpy_falkor)
/var/www/html/antmedia/glibc-2.29/build/libc_pic.a(memmove_falkor.os)
                              /var/www/html/antmedia/glibc-2.29/build/libc_pic.a(memmove.os) (__memmove_falkor)
/var/www/html/antmedia/glibc-2.29/build/libc_pic.a(memset_generic.os)
                              /var/www/html/antmedia/glibc-2.29/build/libc_pic.a(check_fds.os) (__GI_memset)
/var/www/html/antmedia/glibc-2.29/build/libc_pic.a(memset_falkor.os)
                              /var/www/html/antmedia/glibc-2.29/build/libc_pic.a(memset.os) (__memset_falkor)
/var/www/html/antmedia/glibc-2.29/build/libc_pic.a(strlen_generic.os)
                              /var/www/html/antmedia/glibc-2.29/build/libc_pic.a(strdup.os) (__GI_strlen)
[...]
Memory Configuration

Name             Origin             Length             Attributes
*default*        0x0000000000000000 0xffffffffffffffff

Linker script and memory map

                0x0000000000000000                __stack_chk_fail = 0x0
                0x0000000000000000                __stack_chk_fail_local = 0x0
START GROUP
LOAD /var/www/html/antmedia/glibc-2.29/build/elf/dl-allobjs.os
LOAD /var/www/html/antmedia/glibc-2.29/build/libc_pic.a
LOAD /usr/lib/gcc/aarch64-linux-gnu/7/libgcc.a
END GROUP

.interp
 *(.interp)

.note.gnu.build-id
 *(.note.gnu.build-id)

.hash
 *(.hash)

.gnu.hash
 *(.gnu.hash)

.dynsym
 *(.dynsym)

.dynstr
 *(.dynstr)

.gnu.version
 *(.gnu.version)

.gnu.version_d
 *(.gnu.version_d)

.gnu.version_r
 *(.gnu.version_r)

.rela.init
 *(.rela.init)

.rela.text
 *(.rela.text)

.rela.fini
 *(.rela.fini)

.rela.rodata
 *(.rela.rodata)

.rela.data.rel.ro
 *(.rela.data.rel.ro)

.rela.data
 *(.rela.data)

.rela.tdata
 *(.rela.tdata)

.rela.tbss
 *(.rela.tbss)

.rela.ctors
 *(.rela.ctors)

.rela.dtors
 *(.rela.dtors)

.rela.got
 *(.rela.got)

.rela.bss
 *(.rela.bss)

.rela.ifunc
 *(.rela.ifunc)

.rela.plt
 *(.rela.plt)

.init
 *(SORT_NONE(.init))

.plt
 *(.plt)
 *(.iplt)

.text           0x0000000000000000    0x1850c
 *(.text .stub)
 .text          0x0000000000000000    0x14f10 /var/www/html/antmedia/glibc-2.29/build/elf/dl-allobjs.os
                0x0000000000000000                _start
                0x000000000000000c                _dl_start_user
                0x0000000000000f20                handle_ld_preload
                0x0000000000005d80                _dl_dst_count
                0x0000000000005e48                _dl_dst_substitute
                0x0000000000006600                _dl_init_paths
                0x00000000000068c0                _dl_map_object
                0x0000000000007290                _dl_rtld_di_serinfo
                0x00000000000080c0                _dl_lookup_symbol_x
                0x0000000000008f90                _dl_setup_hash
                0x0000000000009038                _dl_add_to_namespace_list
                0x00000000000090f8                _dl_new_object
                0x00000000000093c8                _dl_try_allocate_static_tls
                0x00000000000094c8                _dl_allocate_static_tls
                0x0000000000009510                _dl_nothread_init_static_tls
                0x0000000000009558                _dl_protect_relro
                0x00000000000095d8                _dl_reloc_bad_type
                0x00000000000096a0                _dl_relocate_object
                0x000000000000a958                _dl_map_object_deps
                0x000000000000b608                _dl_important_hwcaps
                0x000000000000bcb0                _dl_fixup
                0x000000000000be98                _dl_profile_fixup
                0x000000000000c460                _dl_call_pltexit
                0x000000000000c6c0                _dl_init
                0x000000000000c810                _dl_fini
                0x000000000000cc00                _dl_debug_state
                0x000000000000cc00                __GI__dl_debug_state
                0x000000000000cc08                _dl_debug_initialize
                0x000000000000d298                _dl_sysdep_read_whole_file
                0x000000000000d338                _dl_debug_printf
                0x000000000000d3c8                _dl_debug_printf_c
                0x000000000000d458                _dl_dprintf
                0x000000000000d4d8                _dl_name_match_p
                0x000000000000d538                _dl_higher_prime_number
                0x000000000000d5d8                _dl_strtoul
                0x000000000000d730                _dl_check_map_versions
                0x000000000000de10                _dl_check_all_versions
                0x000000000000dea0                _dl_start_profile
                0x000000000000e540                __GI__dl_mcount
                0x000000000000e540                _dl_mcount
                0x000000000000ebc0                _dl_next_tls_modid
                0x000000000000ecc0                _dl_count_modids
                0x000000000000ed20                _dl_determine_tlsoffset
                0x000000000000eec8                _dl_get_tls_static_info
                0x000000000000eee8                _dl_allocate_tls_storage
                0x000000000000ef98                __GI__dl_allocate_tls_init
                0x000000000000ef98                _dl_allocate_tls_init
                0x000000000000f1a0                __GI__dl_allocate_tls
                0x000000000000f1a0                _dl_allocate_tls
                0x000000000000f1c8                _dl_deallocate_tls
                0x000000000000f1c8                __GI__dl_deallocate_tls
                0x000000000000f258                _dl_update_slotinfo
                0x000000000000f4d8                __GI___tls_get_addr
                0x000000000000f4d8                __tls_get_addr
                0x000000000000f520                _dl_tls_get_addr_soft
                0x000000000000f5b0                _dl_add_to_slotinfo
                0x000000000000f6b8                _dl_get_origin
                0x000000000000f888                _dl_scope_free
                0x000000000000f978                _dl_make_stack_executable
                0x000000000000f978                __GI__dl_make_stack_executable
                0x000000000000fc20                __GI__dl_find_dso_for_object
                0x000000000000fc20                _dl_find_dso_for_object
                0x000000000000fd18                _dl_open
                0x000000000000ffe8                _dl_show_scope
                0x0000000000010968                _dl_close_worker
                0x00000000000117a0                _dl_close
                0x0000000000011828                _dl_runtime_resolve
                0x000000000001189c                _dl_runtime_profile
                0x00000000000119e0                _dl_exception_create
                0x00000000000119e0                __GI__dl_exception_create
                0x0000000000011ac8                __GI__dl_exception_create_format
                0x0000000000011ac8                _dl_exception_create_format
                0x0000000000011f20                _dl_exception_free
                0x0000000000011f20                __GI__dl_exception_free
                0x0000000000011f50                _dl_sort_maps
                0x00000000000121a8                _dl_cache_libcmp
                0x00000000000122a0                _dl_load_cache_lookup
                0x0000000000012880                _dl_unload_cache
                0x00000000000129b0                __tunable_set_val
                0x00000000000129d0                __GI___tunables_init
                0x0000000000012e68                __tunable_get_val
                0x0000000000012e68                __GI___tunable_get_val
                0x0000000000012ed8                _dl_var_init
                0x0000000000012ef0                _dl_make_tlsdesc_dynamic
                0x00000000000131f0                _dl_unmap
                0x000000000001328c                _dl_tlsdesc_return
                0x0000000000013294                _dl_tlsdesc_undefweak
                0x00000000000132ac                _dl_tlsdesc_dynamic
                0x00000000000133d0                _dl_sysdep_start
                0x0000000000013800                _dl_sysdep_start_cleanup
                0x0000000000013808                _dl_show_auxv
                0x0000000000013978                _dl_discover_osversion
                0x0000000000013b80                _dl_next_ld_env_entry
                0x0000000000013bd0                unsetenv
                0x0000000000013c48                malloc
                0x0000000000013d78                calloc
                0x0000000000013db0                free
                0x0000000000013e00                __sigjmp_save
                0x0000000000013e10                __strerror_r
                0x0000000000013f18                __GI___libc_fatal
                0x0000000000013f18                __libc_fatal
                0x0000000000013f40                __GI___chk_fail
                0x0000000000013f40                __chk_fail
                0x0000000000013f50                __GI___assert_fail
                0x0000000000013f50                __assert_fail
                0x0000000000013fa0                realloc
                0x0000000000014038                __GI___assert_perror_fail
                0x0000000000014038                __assert_perror_fail
                0x00000000000140a8                _itoa
                0x0000000000014100                __strsep
                0x0000000000014100                strsep
                0x0000000000014100                __strsep_g
                0x0000000000014240                _dl_signal_exception
                0x0000000000014288                _dl_signal_error
                0x00000000000142e0                _dl_signal_cexception
                0x0000000000014378                _dl_signal_cerror
                0x0000000000014420                _dl_catch_exception
                0x00000000000144b0                _dl_catch_error
                0x0000000000014508                _dl_receive_error
                0x0000000000014550                _dl_resolve_conflicts
                0x0000000000014700                __read_tp
                0x0000000000014708                __brk
                0x0000000000014708                brk
                0x0000000000014740                sbrk
                0x0000000000014740                __sbrk
                0x00000000000147f0                __getcwd
                0x00000000000147f0                getcwd
                0x0000000000014cb0                openat64
                0x0000000000014d20                __alloc_dir
                0x0000000000014e00                __opendir
                0x0000000000014e00                opendir
                0x0000000000014ec0                __fxstatat
                0x0000000000014ec0                __fxstatat64
                0x0000000000014ec0                __GI___fxstatat64
 .text          0x0000000000014f10       0xf8 /var/www/html/antmedia/glibc-2.29/build/libc_pic.a(check_fds.os)
                0x0000000000014fd8                __libc_check_standard_fds
 .text          0x0000000000015008        0x0 /var/www/html/antmedia/glibc-2.29/build/libc_pic.a(errno.os)
 *fill*         0x0000000000015008        0x8 00000000
 .text          0x0000000000015010       0x74 /var/www/html/antmedia/glibc-2.29/build/libc_pic.a(setjmp.os)
                0x0000000000015010                setjmp
                0x0000000000015020                __GI__setjmp
                0x0000000000015020                _setjmp
                0x0000000000015030                __sigsetjmp
                0x0000000000015030                __GI___sigsetjmp
 *fill*         0x0000000000015084        0xc 00000000
 .text          0x0000000000015090       0x60 /var/www/html/antmedia/glibc-2.29/build/libc_pic.a(__longjmp.os)
                0x0000000000015090                __longjmp
 .text          0x00000000000150f0       0xd8 /var/www/html/antmedia/glibc-2.29/build/libc_pic.a(scratch_buffer_set_array_size.os)
                0x00000000000150f0                __libc_scratch_buffer_set_array_size
                0x00000000000150f0                __GI___libc_scratch_buffer_set_array_size
 *fill*         0x00000000000151c8        0x8 00000000
 .text          0x00000000000151d0       0xdc /var/www/html/antmedia/glibc-2.29/build/libc_pic.a(strchr.os)
                0x00000000000151d0                __GI_strchr
                0x00000000000151d0                index
                0x00000000000151d0                strchr
 *fill*         0x00000000000152ac       0x14 00000000
 .text          0x00000000000152c0       0xe4 /var/www/html/antmedia/glibc-2.29/build/libc_pic.a(strcmp.os)
                0x00000000000152c0                __GI_strcmp
                0x00000000000152c0                strcmp
 *fill*         0x00000000000153a4        0x4 00000000
 .text          0x00000000000153a8      0x148 /var/www/html/antmedia/glibc-2.29/build/libc_pic.a(strcspn.os)
                0x00000000000153a8                strcspn
                0x00000000000153a8                __GI_strcspn
 .text          0x00000000000154f0       0x44 /var/www/html/antmedia/glibc-2.29/build/libc_pic.a(strdup.os)
                0x00000000000154f0                __GI___strdup
                0x00000000000154f0                __strdup
                0x00000000000154f0                strdup
 *fill*         0x0000000000015534        0x4 00000000
 .text          0x0000000000015538       0x3c /var/www/html/antmedia/glibc-2.29/build/libc_pic.a(strlen.os)
                0x0000000000015538                __strlen
                0x0000000000015538                strlen
 *fill*         0x0000000000015574        0xc 00000000
 .text          0x0000000000015580       0xe8 /var/www/html/antmedia/glibc-2.29/build/libc_pic.a(strnlen.os)
                0x00000000000155a4                __strnlen
                0x00000000000155a4                strnlen
                0x00000000000155a4                __GI___strnlen
                0x00000000000155a4                __GI_strnlen
 *fill*         0x0000000000015668       0x18 00000000
 .text          0x0000000000015680      0x1d4 /var/www/html/antmedia/glibc-2.29/build/libc_pic.a(strncmp.os)
                0x000000000001569c                __GI_strncmp
                0x000000000001569c                strncmp
 *fill*         0x0000000000015854        0xc 00000000
 .text          0x0000000000015860       0xd8 /var/www/html/antmedia/glibc-2.29/build/libc_pic.a(memchr.os)
                0x0000000000015860                __GI_memchr
                0x0000000000015860                memchr
                0x0000000000015860                __memchr
 *fill*         0x0000000000015938        0x8 00000000
 .text          0x0000000000015940      0x110 /var/www/html/antmedia/glibc-2.29/build/libc_pic.a(memcmp.os)
                0x0000000000015940                bcmp
                0x0000000000015940                __GI_memcmp
                0x0000000000015940                memcmp
 .text          0x0000000000015a50       0x90 /var/www/html/antmedia/glibc-2.29/build/libc_pic.a(memmove.os)
                0x0000000000015a50                memmove
                0x0000000000015a50                __libc_memmove
 .text          0x0000000000015ae0       0x6c /var/www/html/antmedia/glibc-2.29/build/libc_pic.a(memset.os)
                0x0000000000015ae0                memset
                0x0000000000015ae0                __libc_memset
 *fill*         0x0000000000015b4c        0x4 00000000
 .text          0x0000000000015b50       0x24 /var/www/html/antmedia/glibc-2.29/build/libc_pic.a(mempcpy.os)
                0x0000000000015b50                mempcpy
                0x0000000000015b50                __GI_mempcpy
                0x0000000000015b50                __mempcpy
                0x0000000000015b50                __GI___mempcpy
 *fill*         0x0000000000015b74        0xc 00000000
 .text          0x0000000000015b80      0x1bc /var/www/html/antmedia/glibc-2.29/build/libc_pic.a(stpcpy.os)
                0x0000000000015b80                stpcpy
                0x0000000000015b80                __GI_stpcpy
                0x0000000000015b80                __stpcpy
                0x0000000000015b80                __GI___stpcpy
 *fill*         0x0000000000015d3c        0x4 00000000
 .text          0x0000000000015d40       0xf0 /var/www/html/antmedia/glibc-2.29/build/libc_pic.a(memcpy.os)
                0x0000000000015d40                memcpy
                0x0000000000015d40                __libc_memcpy
 .text          0x0000000000015e30       0x20 /var/www/html/antmedia/glibc-2.29/build/libc_pic.a(rawmemchr.os)
                0x0000000000015e30                __GI___rawmemchr
                0x0000000000015e30                __rawmemchr
                0x0000000000015e30                rawmemchr
 .text          0x0000000000015e50       0xb8 /var/www/html/antmedia/glibc-2.29/build/libc_pic.a(strchrnul.os)
                0x0000000000015e50                __strchrnul
                0x0000000000015e50                strchrnul
 *fill*         0x0000000000015f08       0x38 00000000
 .text          0x0000000000015f40      0x21c /var/www/html/antmedia/glibc-2.29/build/libc_pic.a(memcpy_generic.os)
                0x0000000000015f40                __GI_memmove
                0x0000000000015f40                __memmove_generic
                0x0000000000015f50                __memcpy_generic
                0x0000000000015f50                __GI_memcpy
 *fill*         0x000000000001615c       0x24 00000000
 .text          0x0000000000016180      0x28c /var/www/html/antmedia/glibc-2.29/build/libc_pic.a(memcpy_thunderx.os)
                0x0000000000016180                __memmove_thunderx
                0x0000000000016180                __GI___memmove_thunderx
                0x0000000000016190                __GI___memcpy_thunderx
                0x0000000000016190                __memcpy_thunderx
 *fill*         0x000000000001640c       0x34 00000000
 .text          0x0000000000016440      0xb14 /var/www/html/antmedia/glibc-2.29/build/libc_pic.a(memcpy_thunderx2.os)
                0x0000000000016440                __memmove_thunderx2
                0x0000000000016440                __GI___memmove_thunderx2
                0x0000000000016660                __GI___memcpy_thunderx2
                0x0000000000016660                __memcpy_thunderx2
 *fill*         0x0000000000016f54       0x2c 00000000
 .text          0x0000000000016f80      0x160 /var/www/html/antmedia/glibc-2.29/build/libc_pic.a(memcpy_falkor.os)
                0x0000000000016f80                __GI___memcpy_falkor
                0x0000000000016f80                __memcpy_falkor
 *fill*         0x00000000000170e0       0x20 00000000
 .text          0x0000000000017100      0x1e0 /var/www/html/antmedia/glibc-2.29/build/libc_pic.a(memmove_falkor.os)
                0x0000000000017100                __memmove_falkor
                0x0000000000017100                __GI___memmove_falkor
 *fill*         0x00000000000172e0       0x20 00000000
 .text          0x0000000000017300      0x1dc /var/www/html/antmedia/glibc-2.29/build/libc_pic.a(memset_generic.os)
                0x0000000000017300                __GI_memset
                0x0000000000017300                __GI___memset_generic
                0x0000000000017300                __memset_generic
 *fill*         0x00000000000174dc       0x24 00000000
 .text          0x0000000000017500      0x114 /var/www/html/antmedia/glibc-2.29/build/libc_pic.a(memset_falkor.os)
                0x0000000000017500                __memset_falkor
                0x0000000000017500                __GI___memset_falkor
 *fill*         0x0000000000017614       0x2c 00000000
 .text          0x0000000000017640      0x140 /var/www/html/antmedia/glibc-2.29/build/libc_pic.a(strlen_generic.os)
                0x0000000000017640                __strlen_generic
                0x0000000000017640                __GI_strlen
 .text          0x0000000000017780       0xc8 /var/www/html/antmedia/glibc-2.29/build/libc_pic.a(strlen_asimd.os)
                0x0000000000017780                __GI_strlen_asimd
                0x0000000000017780                __strlen_asimd
                0x0000000000017780                strlen_asimd
 .text          0x0000000000017848       0x44 /var/www/html/antmedia/glibc-2.29/build/libc_pic.a(closedir.os)
                0x0000000000017848                __closedir
                0x0000000000017848                closedir
 *fill*         0x000000000001788c        0x4 00000000
 .text          0x0000000000017890       0xa0 /var/www/html/antmedia/glibc-2.29/build/libc_pic.a(rewinddir.os)
                0x0000000000017890                rewinddir
                0x0000000000017890                __rewinddir
                0x0000000000017890                __GI___rewinddir
 .text          0x0000000000017930      0x150 /var/www/html/antmedia/glibc-2.29/build/libc_pic.a(readdir64.os)
                0x0000000000017930                readdir
                0x0000000000017930                __readdir64
                0x0000000000017930                __readdir
                0x0000000000017930                __GI___readdir64
                0x0000000000017930                readdir64
 .text          0x0000000000017a80       0xc0 /var/www/html/antmedia/glibc-2.29/build/libc_pic.a(fdopendir.os)
                0x0000000000017a80                fdopendir
                0x0000000000017a80                __fdopendir
 .text          0x0000000000017b40       0x18 /var/www/html/antmedia/glibc-2.29/build/libc_pic.a(uname.os)
                0x0000000000017b40                uname
                0x0000000000017b40                __GI_uname
                0x0000000000017b40                __uname
                0x0000000000017b40                __GI___uname
 .text          0x0000000000017b58       0x88 /var/www/html/antmedia/glibc-2.29/build/libc_pic.a(_exit.os)
                0x0000000000017b58                _Exit
                0x0000000000017b58                __GI__exit
                0x0000000000017b58                _exit
 .text          0x0000000000017be0        0xc /var/www/html/antmedia/glibc-2.29/build/libc_pic.a(getpid.os)
                0x0000000000017be0                __getpid
                0x0000000000017be0                getpid
                0x0000000000017be0                __GI_getpid
                0x0000000000017be0                __GI___getpid
 .text          0x0000000000017bec        0x0 /var/www/html/antmedia/glibc-2.29/build/libc_pic.a(environ.os)
 *fill*         0x0000000000017bec        0x4 00000000
 .text          0x0000000000017bf0       0x58 /var/www/html/antmedia/glibc-2.29/build/libc_pic.a(xstat.os)
                0x0000000000017bf0                _xstat
                0x0000000000017bf0                __xstat64
                0x0000000000017bf0                __GI___xstat64
                0x0000000000017bf0                __GI___xstat
                0x0000000000017bf0                __xstat
 .text          0x0000000000017c48       0x58 /var/www/html/antmedia/glibc-2.29/build/libc_pic.a(fxstat.os)
                0x0000000000017c48                __GI___fxstat
                0x0000000000017c48                __GI___fxstat64
                0x0000000000017c48                __fxstat64
                0x0000000000017c48                _fxstat
                0x0000000000017c48                __fxstat
 .text          0x0000000000017ca0       0x58 /var/www/html/antmedia/glibc-2.29/build/libc_pic.a(lxstat.os)
                0x0000000000017ca0                __GI___lxstat
                0x0000000000017ca0                _lxstat
                0x0000000000017ca0                __lxstat
                0x0000000000017ca0                __lxstat64
                0x0000000000017ca0                __GI___lxstat64
 .text          0x0000000000017cf8       0x38 /var/www/html/antmedia/glibc-2.29/build/libc_pic.a(lseek64.os)
                0x0000000000017cf8                __compat_llseek
                0x0000000000017cf8                __GI___lseek
                0x0000000000017cf8                llseek@GLIBC_2.17
                0x0000000000017cf8                __lseek64
                0x0000000000017cf8                lseek
                0x0000000000017cf8                __libc_lseek64
                0x0000000000017cf8                __lseek
                0x0000000000017cf8                __libc_lseek
                0x0000000000017cf8                lseek64
 .text          0x0000000000017d30       0x40 /var/www/html/antmedia/glibc-2.29/build/libc_pic.a(access.os)
                0x0000000000017d30                access
                0x0000000000017d30                __access
 .text          0x0000000000017d70       0x34 /var/www/html/antmedia/glibc-2.29/build/libc_pic.a(close_nocancel.os)
                0x0000000000017d70                __GI___close_nocancel
                0x0000000000017d70                __close_nocancel
 *fill*         0x0000000000017da4        0x4 00000000
 .text          0x0000000000017da8       0xbc /var/www/html/antmedia/glibc-2.29/build/libc_pic.a(fcntl_nocancel.os)
                0x0000000000017da8                __fcntl64_nocancel_adjusted
                0x0000000000017e38                __fcntl64_nocancel
                0x0000000000017e38                __GI___fcntl64_nocancel
 *fill*         0x0000000000017e64        0x4 00000000
 .text          0x0000000000017e68       0x9c /var/www/html/antmedia/glibc-2.29/build/libc_pic.a(open64_nocancel.os)
                0x0000000000017e68                __GI___open_nocancel
                0x0000000000017e68                __open_nocancel
                0x0000000000017e68                __GI___open64_nocancel
                0x0000000000017e68                __open64_nocancel
 *fill*         0x0000000000017f04        0x4 00000000
 .text          0x0000000000017f08       0x94 /var/www/html/antmedia/glibc-2.29/build/libc_pic.a(openat64_nocancel.os)
                0x0000000000017f08                __GI___openat64_nocancel
                0x0000000000017f08                __openat64_nocancel
                0x0000000000017f08                __GI___openat_nocancel
                0x0000000000017f08                __openat_nocancel
 *fill*         0x0000000000017f9c        0x4 00000000
 .text          0x0000000000017fa0       0x34 /var/www/html/antmedia/glibc-2.29/build/libc_pic.a(read_nocancel.os)
                0x0000000000017fa0                __read_nocancel
                0x0000000000017fa0                __GI___read_nocancel
 *fill*         0x0000000000017fd4        0x4 00000000
 .text          0x0000000000017fd8       0x34 /var/www/html/antmedia/glibc-2.29/build/libc_pic.a(write_nocancel.os)
                0x0000000000017fd8                __GI___write_nocancel
                0x0000000000017fd8                __write_nocancel
 *fill*         0x000000000001800c        0x4 00000000
 .text          0x0000000000018010       0x60 /var/www/html/antmedia/glibc-2.29/build/libc_pic.a(mmap64.os)
                0x0000000000018010                __GI___mmap
                0x0000000000018010                __mmap
                0x0000000000018010                mmap
                0x0000000000018010                __GI___mmap64
                0x0000000000018010                __mmap64
                0x0000000000018010                mmap64
 .text          0x0000000000018070       0x18 /var/www/html/antmedia/glibc-2.29/build/libc_pic.a(munmap.os)
                0x0000000000018070                munmap
                0x0000000000018070                __GI___munmap
                0x0000000000018070                __GI_munmap
                0x0000000000018070                __munmap
 *fill*         0x0000000000018088        0x8 00000000
 .text          0x0000000000018090       0x18 /var/www/html/antmedia/glibc-2.29/build/libc_pic.a(mprotect.os)
                0x0000000000018090                __mprotect
                0x0000000000018090                __GI___mprotect
                0x0000000000018090                __GI_mprotect
                0x0000000000018090                mprotect
 .text          0x00000000000180a8      0x1d0 /var/www/html/antmedia/glibc-2.29/build/libc_pic.a(profil.os)
                0x0000000000018100                __profil
                0x0000000000018100                profil
 .text          0x0000000000018278       0x10 /var/www/html/antmedia/glibc-2.29/build/libc_pic.a(prof-freq.os)
                0x0000000000018278                __GI___profile_frequency
                0x0000000000018278                __profile_frequency
 .text          0x0000000000018288       0x5c /var/www/html/antmedia/glibc-2.29/build/libc_pic.a(libc-lowlevellock.os)
                0x0000000000018288                __lll_lock_wait_private
 *fill*         0x00000000000182e4        0x4 00000000
 .text          0x00000000000182e8       0x5c /var/www/html/antmedia/glibc-2.29/build/libc_pic.a(dl-addr-obj.os)
                0x00000000000182e8                _dl_addr_inside_object
 *fill*         0x0000000000018344        0x4 00000000
 .text          0x0000000000018348       0x1c /var/www/html/antmedia/glibc-2.29/build/libc_pic.a(sysdep.os)
                0x0000000000018348                __syscall_error
                0x0000000000018348                __GI___syscall_error
 *fill*         0x0000000000018364        0x4 00000000
 .text          0x0000000000018368      0x158 /var/www/html/antmedia/glibc-2.29/build/libc_pic.a(sigaction.os)
                0x0000000000018368                __libc_sigaction
                0x0000000000018368                __GI___libc_sigaction
                0x0000000000018488                sigaction
                0x0000000000018488                __GI___sigaction
                0x0000000000018488                __sigaction
 .text          0x00000000000184c0       0x18 /var/www/html/antmedia/glibc-2.29/build/libc_pic.a(setitimer.os)
                0x00000000000184c0                setitimer
                0x00000000000184c0                __setitimer
                0x00000000000184c0                __GI_setitimer
                0x00000000000184c0                __GI___setitimer
 .text          0x00000000000184d8       0x34 /var/www/html/antmedia/glibc-2.29/build/libc_pic.a(getdents64.os)
                0x00000000000184d8                __getdents
                0x00000000000184d8                __getdents64
 *(.gnu.warning)

.text.unlikely  0x0000000000000000      0x144
 .text.unlikely
                0x0000000000000000      0x144 /var/www/html/antmedia/glibc-2.29/build/elf/dl-allobjs.os

.fini
 *(SORT_NONE(.fini))

.rodata         0x0000000000000000      0x9b0
 *(.rodata)
 .rodata        0x0000000000000000      0x970 /var/www/html/antmedia/glibc-2.29/build/elf/dl-allobjs.os
                0x0000000000000960                __GI__itoa_lower_digits
                0x0000000000000960                _itoa_lower_digits
 .rodata        0x0000000000000970       0x40 /var/www/html/antmedia/glibc-2.29/build/libc_pic.a(memcpy_thunderx2.os)

.rodata.str1.8  0x0000000000000000     0x3902
 .rodata.str1.8
                0x0000000000000000     0x38e1 /var/www/html/antmedia/glibc-2.29/build/elf/dl-allobjs.os
 *fill*         0x00000000000038e1        0x7 
 .rodata.str1.8
                0x00000000000038e8       0x1a /var/www/html/antmedia/glibc-2.29/build/libc_pic.a(check_fds.os)

.rodata.cst4    0x0000000000000000        0x4
 .rodata.cst4   0x0000000000000000        0x4 /var/www/html/antmedia/glibc-2.29/build/elf/dl-allobjs.os

.rodata1
 *(.rodata1)

.eh_frame_hdr
 *(.eh_frame_hdr)

.eh_frame       0x0000000000000000      0x958
 *(.eh_frame)
 .eh_frame      0x0000000000000000      0x498 /var/www/html/antmedia/glibc-2.29/build/elf/dl-allobjs.os
                                        0x4a0 (size before relaxing)
 .eh_frame      0x0000000000000498       0x50 /var/www/html/antmedia/glibc-2.29/build/libc_pic.a(setjmp.os)
 .eh_frame      0x00000000000004e8       0x90 /var/www/html/antmedia/glibc-2.29/build/libc_pic.a(__longjmp.os)
 .eh_frame      0x0000000000000578       0x28 /var/www/html/antmedia/glibc-2.29/build/libc_pic.a(strchr.os)
 .eh_frame      0x00000000000005a0       0x28 /var/www/html/antmedia/glibc-2.29/build/libc_pic.a(strcmp.os)
 .eh_frame      0x00000000000005c8       0x28 /var/www/html/antmedia/glibc-2.29/build/libc_pic.a(strnlen.os)
 .eh_frame      0x00000000000005f0       0x28 /var/www/html/antmedia/glibc-2.29/build/libc_pic.a(strncmp.os)
 .eh_frame      0x0000000000000618       0x28 /var/www/html/antmedia/glibc-2.29/build/libc_pic.a(memchr.os)
 .eh_frame      0x0000000000000640       0x28 /var/www/html/antmedia/glibc-2.29/build/libc_pic.a(memcmp.os)
 .eh_frame      0x0000000000000668       0x28 /var/www/html/antmedia/glibc-2.29/build/libc_pic.a(stpcpy.os)
 .eh_frame      0x0000000000000690       0x28 /var/www/html/antmedia/glibc-2.29/build/libc_pic.a(rawmemchr.os)
 .eh_frame      0x00000000000006b8       0x28 /var/www/html/antmedia/glibc-2.29/build/libc_pic.a(strchrnul.os)
 .eh_frame      0x00000000000006e0       0x40 /var/www/html/antmedia/glibc-2.29/build/libc_pic.a(memcpy_generic.os)
 .eh_frame      0x0000000000000720       0x40 /var/www/html/antmedia/glibc-2.29/build/libc_pic.a(memcpy_thunderx.os)
 .eh_frame      0x0000000000000760       0x40 /var/www/html/antmedia/glibc-2.29/build/libc_pic.a(memcpy_thunderx2.os)
 .eh_frame      0x00000000000007a0       0x28 /var/www/html/antmedia/glibc-2.29/build/libc_pic.a(memcpy_falkor.os)
 .eh_frame      0x00000000000007c8       0x28 /var/www/html/antmedia/glibc-2.29/build/libc_pic.a(memmove_falkor.os)
 .eh_frame      0x00000000000007f0       0x28 /var/www/html/antmedia/glibc-2.29/build/libc_pic.a(memset_generic.os)
 .eh_frame      0x0000000000000818       0x28 /var/www/html/antmedia/glibc-2.29/build/libc_pic.a(memset_falkor.os)
 .eh_frame      0x0000000000000840       0x28 /var/www/html/antmedia/glibc-2.29/build/libc_pic.a(strlen_generic.os)
 .eh_frame      0x0000000000000868       0x28 /var/www/html/antmedia/glibc-2.29/build/libc_pic.a(strlen_asimd.os)
 .eh_frame      0x0000000000000890       0x28 /var/www/html/antmedia/glibc-2.29/build/libc_pic.a(uname.os)
 .eh_frame      0x00000000000008b8       0x28 /var/www/html/antmedia/glibc-2.29/build/libc_pic.a(getpid.os)
 .eh_frame      0x00000000000008e0       0x28 /var/www/html/antmedia/glibc-2.29/build/libc_pic.a(munmap.os)
 .eh_frame      0x0000000000000908       0x28 /var/www/html/antmedia/glibc-2.29/build/libc_pic.a(mprotect.os)
 .eh_frame      0x0000000000000930       0x28 /var/www/html/antmedia/glibc-2.29/build/libc_pic.a(setitimer.os)

.gcc_except_table
 *(.gcc_except_table .gcc_except_table.*)

.gnu_extab
 *(.gnu_extab*)

.exception_ranges
 *(.exception_ranges .exception_ranges*)

.eh_frame
 *(.eh_frame)

.gnu_extab
 *(.gnu_extab)

.gcc_except_table
 *(.gcc_except_table .gcc_except_table.*)

.exception_ranges
 *(.exception_ranges .exception_ranges*)

.tdata
 *(.tdata)

.tbss           0x0000000000000000        0x4
 *(.tbss)
 .tbss          0x0000000000000000        0x4 /var/www/html/antmedia/glibc-2.29/build/libc_pic.a(errno.os)
                0x0000000000000000                errno
                0x0000000000000000                __libc_errno

.jcr
 *(.jcr)

.dynamic
 *(.dynamic)

.got
 *(.got)
 *(.igot)

.got.plt
 *(.got.plt)
 *(.igot.plt)

.data           0x0000000000000000     0x1000
 *(.data)
 .data          0x0000000000000000     0x1000 /var/www/html/antmedia/glibc-2.29/build/elf/dl-allobjs.os
                0x0000000000000000                _rtld_global
                0x0000000000000000                _rtld_local
 .data          0x0000000000001000        0x0 /var/www/html/antmedia/glibc-2.29/build/libc_pic.a(check_fds.os)
 .data          0x0000000000001000        0x0 /var/www/html/antmedia/glibc-2.29/build/libc_pic.a(errno.os)
 .data          0x0000000000001000        0x0 /var/www/html/antmedia/glibc-2.29/build/libc_pic.a(setjmp.os)
 .data          0x0000000000001000        0x0 /var/www/html/antmedia/glibc-2.29/build/libc_pic.a(__longjmp.os)
 .data          0x0000000000001000        0x0 /var/www/html/antmedia/glibc-2.29/build/libc_pic.a(scratch_buffer_set_array_size.os)
 .data          0x0000000000001000        0x0 /var/www/html/antmedia/glibc-2.29/build/libc_pic.a(strchr.os)
 .data          0x0000000000001000        0x0 /var/www/html/antmedia/glibc-2.29/build/libc_pic.a(strcmp.os)
 .data          0x0000000000001000        0x0 /var/www/html/antmedia/glibc-2.29/build/libc_pic.a(strcspn.os)
 .data          0x0000000000001000        0x0 /var/www/html/antmedia/glibc-2.29/build/libc_pic.a(strdup.os)
 .data          0x0000000000001000        0x0 /var/www/html/antmedia/glibc-2.29/build/libc_pic.a(strlen.os)
 .data          0x0000000000001000        0x0 /var/www/html/antmedia/glibc-2.29/build/libc_pic.a(strnlen.os)
 .data          0x0000000000001000        0x0 /var/www/html/antmedia/glibc-2.29/build/libc_pic.a(strncmp.os)
 .data          0x0000000000001000        0x0 /var/www/html/antmedia/glibc-2.29/build/libc_pic.a(memchr.os)
 .data          0x0000000000001000        0x0 /var/www/html/antmedia/glibc-2.29/build/libc_pic.a(memcmp.os)
 .data          0x0000000000001000        0x0 /var/www/html/antmedia/glibc-2.29/build/libc_pic.a(memmove.os)
 .data          0x0000000000001000        0x0 /var/www/html/antmedia/glibc-2.29/build/libc_pic.a(memset.os)
 .data          0x0000000000001000        0x0 /var/www/html/antmedia/glibc-2.29/build/libc_pic.a(mempcpy.os)
 .data          0x0000000000001000        0x0 /var/www/html/antmedia/glibc-2.29/build/libc_pic.a(stpcpy.os)
 .data          0x0000000000001000        0x0 /var/www/html/antmedia/glibc-2.29/build/libc_pic.a(memcpy.os)
 .data          0x0000000000001000        0x0 /var/www/html/antmedia/glibc-2.29/build/libc_pic.a(rawmemchr.os)
 .data          0x0000000000001000        0x0 /var/www/html/antmedia/glibc-2.29/build/libc_pic.a(strchrnul.os)
 .data          0x0000000000001000        0x0 /var/www/html/antmedia/glibc-2.29/build/libc_pic.a(memcpy_generic.os)
 .data          0x0000000000001000        0x0 /var/www/html/antmedia/glibc-2.29/build/libc_pic.a(memcpy_thunderx.os)
 .data          0x0000000000001000        0x0 /var/www/html/antmedia/glibc-2.29/build/libc_pic.a(memcpy_thunderx2.os)
 .data          0x0000000000001000        0x0 /var/www/html/antmedia/glibc-2.29/build/libc_pic.a(memcpy_falkor.os)
 .data          0x0000000000001000        0x0 /var/www/html/antmedia/glibc-2.29/build/libc_pic.a(memmove_falkor.os)
 .data          0x0000000000001000        0x0 /var/www/html/antmedia/glibc-2.29/build/libc_pic.a(memset_generic.os)
 .data          0x0000000000001000        0x0 /var/www/html/antmedia/glibc-2.29/build/libc_pic.a(memset_falkor.os)
 .data          0x0000000000001000        0x0 /var/www/html/antmedia/glibc-2.29/build/libc_pic.a(strlen_generic.os)
 .data          0x0000000000001000        0x0 /var/www/html/antmedia/glibc-2.29/build/libc_pic.a(strlen_asimd.os)
 .data          0x0000000000001000        0x0 /var/www/html/antmedia/glibc-2.29/build/libc_pic.a(closedir.os)
 .data          0x0000000000001000        0x0 /var/www/html/antmedia/glibc-2.29/build/libc_pic.a(rewinddir.os)
 .data          0x0000000000001000        0x0 /var/www/html/antmedia/glibc-2.29/build/libc_pic.a(readdir64.os)
 .data          0x0000000000001000        0x0 /var/www/html/antmedia/glibc-2.29/build/libc_pic.a(fdopendir.os)
 .data          0x0000000000001000        0x0 /var/www/html/antmedia/glibc-2.29/build/libc_pic.a(uname.os)
 .data          0x0000000000001000        0x0 /var/www/html/antmedia/glibc-2.29/build/libc_pic.a(_exit.os)
 .data          0x0000000000001000        0x0 /var/www/html/antmedia/glibc-2.29/build/libc_pic.a(getpid.os)
 .data          0x0000000000001000        0x0 /var/www/html/antmedia/glibc-2.29/build/libc_pic.a(environ.os)
 .data          0x0000000000001000        0x0 /var/www/html/antmedia/glibc-2.29/build/libc_pic.a(xstat.os)
 .data          0x0000000000001000        0x0 /var/www/html/antmedia/glibc-2.29/build/libc_pic.a(fxstat.os)
 .data          0x0000000000001000        0x0 /var/www/html/antmedia/glibc-2.29/build/libc_pic.a(lxstat.os)
 .data          0x0000000000001000        0x0 /var/www/html/antmedia/glibc-2.29/build/libc_pic.a(lseek64.os)
 .data          0x0000000000001000        0x0 /var/www/html/antmedia/glibc-2.29/build/libc_pic.a(access.os)
 .data          0x0000000000001000        0x0 /var/www/html/antmedia/glibc-2.29/build/libc_pic.a(close_nocancel.os)
 .data          0x0000000000001000        0x0 /var/www/html/antmedia/glibc-2.29/build/libc_pic.a(fcntl_nocancel.os)
 .data          0x0000000000001000        0x0 /var/www/html/antmedia/glibc-2.29/build/libc_pic.a(open64_nocancel.os)
 .data          0x0000000000001000        0x0 /var/www/html/antmedia/glibc-2.29/build/libc_pic.a(openat64_nocancel.os)
 .data          0x0000000000001000        0x0 /var/www/html/antmedia/glibc-2.29/build/libc_pic.a(read_nocancel.os)
 .data          0x0000000000001000        0x0 /var/www/html/antmedia/glibc-2.29/build/libc_pic.a(write_nocancel.os)
 .data          0x0000000000001000        0x0 /var/www/html/antmedia/glibc-2.29/build/libc_pic.a(mmap64.os)
 .data          0x0000000000001000        0x0 /var/www/html/antmedia/glibc-2.29/build/libc_pic.a(munmap.os)
 .data          0x0000000000001000        0x0 /var/www/html/antmedia/glibc-2.29/build/libc_pic.a(mprotect.os)
 .data          0x0000000000001000        0x0 /var/www/html/antmedia/glibc-2.29/build/libc_pic.a(profil.os)
 .data          0x0000000000001000        0x0 /var/www/html/antmedia/glibc-2.29/build/libc_pic.a(prof-freq.os)
 .data          0x0000000000001000        0x0 /var/www/html/antmedia/glibc-2.29/build/libc_pic.a(libc-lowlevellock.os)
 .data          0x0000000000001000        0x0 /var/www/html/antmedia/glibc-2.29/build/libc_pic.a(dl-addr-obj.os)
 .data          0x0000000000001000        0x0 /var/www/html/antmedia/glibc-2.29/build/libc_pic.a(sysdep.os)
 .data          0x0000000000001000        0x0 /var/www/html/antmedia/glibc-2.29/build/libc_pic.a(sigaction.os)
 .data          0x0000000000001000        0x0 /var/www/html/antmedia/glibc-2.29/build/libc_pic.a(setitimer.os)
 .data          0x0000000000001000        0x0 /var/www/html/antmedia/glibc-2.29/build/libc_pic.a(getdents64.os)

.data.rel.ro    0x0000000000000000      0x7a4
 .data.rel.ro   0x0000000000000000      0x7a4 /var/www/html/antmedia/glibc-2.29/build/elf/dl-allobjs.os
                0x0000000000000000                _dl_argc
                0x00000000000000a0                __pointer_chk_guard
                0x00000000000000a0                __pointer_chk_guard_local
                0x00000000000000a8                __stack_chk_guard
                0x00000000000000b0                _rtld_global_ro
                0x00000000000000b0                _rtld_local_ro
                0x00000000000002f0                __stack_prot
                0x0000000000000790                __libc_stack_end
                0x0000000000000790                __GI___libc_stack_end
                0x0000000000000798                _dl_random
                0x00000000000007a0                __GI___libc_enable_secure
                0x00000000000007a0                __libc_enable_secure

.data.rel.ro.local
                0x0000000000000000       0x70
 .data.rel.ro.local
                0x0000000000000000       0x70 /var/www/html/antmedia/glibc-2.29/build/elf/dl-allobjs.os

.data1
 *(.data1)

.bss            0x0000000000000000      0x1e8
 *(.bss)
 .bss           0x0000000000000000      0x108 /var/www/html/antmedia/glibc-2.29/build/elf/dl-allobjs.os
                0x0000000000000000                __GI__dl_argv
                0x0000000000000000                _dl_argv
                0x00000000000000d0                __libc_multiple_libcs
                0x0000000000000100                ___brk_addr
                0x0000000000000100                __curbrk
 .bss           0x0000000000000108        0x0 /var/www/html/antmedia/glibc-2.29/build/libc_pic.a(check_fds.os)
 .bss           0x0000000000000108        0x0 /var/www/html/antmedia/glibc-2.29/build/libc_pic.a(errno.os)
 .bss           0x0000000000000108        0x0 /var/www/html/antmedia/glibc-2.29/build/libc_pic.a(setjmp.os)
 .bss           0x0000000000000108        0x0 /var/www/html/antmedia/glibc-2.29/build/libc_pic.a(__longjmp.os)
 .bss           0x0000000000000108        0x0 /var/www/html/antmedia/glibc-2.29/build/libc_pic.a(scratch_buffer_set_array_size.os)
 .bss           0x0000000000000108        0x0 /var/www/html/antmedia/glibc-2.29/build/libc_pic.a(strchr.os)
 .bss           0x0000000000000108        0x0 /var/www/html/antmedia/glibc-2.29/build/libc_pic.a(strcmp.os)
 .bss           0x0000000000000108        0x0 /var/www/html/antmedia/glibc-2.29/build/libc_pic.a(strcspn.os)
 .bss           0x0000000000000108        0x0 /var/www/html/antmedia/glibc-2.29/build/libc_pic.a(strdup.os)
 .bss           0x0000000000000108        0x0 /var/www/html/antmedia/glibc-2.29/build/libc_pic.a(strlen.os)
 .bss           0x0000000000000108        0x0 /var/www/html/antmedia/glibc-2.29/build/libc_pic.a(strnlen.os)
 .bss           0x0000000000000108        0x0 /var/www/html/antmedia/glibc-2.29/build/libc_pic.a(strncmp.os)
 .bss           0x0000000000000108        0x0 /var/www/html/antmedia/glibc-2.29/build/libc_pic.a(memchr.os)
 .bss           0x0000000000000108        0x0 /var/www/html/antmedia/glibc-2.29/build/libc_pic.a(memcmp.os)
 .bss           0x0000000000000108        0x0 /var/www/html/antmedia/glibc-2.29/build/libc_pic.a(memmove.os)
 .bss           0x0000000000000108        0x0 /var/www/html/antmedia/glibc-2.29/build/libc_pic.a(memset.os)
 .bss           0x0000000000000108        0x0 /var/www/html/antmedia/glibc-2.29/build/libc_pic.a(mempcpy.os)
 .bss           0x0000000000000108        0x0 /var/www/html/antmedia/glibc-2.29/build/libc_pic.a(stpcpy.os)
 .bss           0x0000000000000108        0x0 /var/www/html/antmedia/glibc-2.29/build/libc_pic.a(memcpy.os)
 .bss           0x0000000000000108        0x0 /var/www/html/antmedia/glibc-2.29/build/libc_pic.a(rawmemchr.os)
 .bss           0x0000000000000108        0x0 /var/www/html/antmedia/glibc-2.29/build/libc_pic.a(strchrnul.os)
 .bss           0x0000000000000108        0x0 /var/www/html/antmedia/glibc-2.29/build/libc_pic.a(memcpy_generic.os)
 .bss           0x0000000000000108        0x0 /var/www/html/antmedia/glibc-2.29/build/libc_pic.a(memcpy_thunderx.os)
 .bss           0x0000000000000108        0x0 /var/www/html/antmedia/glibc-2.29/build/libc_pic.a(memcpy_thunderx2.os)
 .bss           0x0000000000000108        0x0 /var/www/html/antmedia/glibc-2.29/build/libc_pic.a(memcpy_falkor.os)
 .bss           0x0000000000000108        0x0 /var/www/html/antmedia/glibc-2.29/build/libc_pic.a(memmove_falkor.os)
 .bss           0x0000000000000108        0x0 /var/www/html/antmedia/glibc-2.29/build/libc_pic.a(memset_generic.os)
 .bss           0x0000000000000108        0x0 /var/www/html/antmedia/glibc-2.29/build/libc_pic.a(memset_falkor.os)
 .bss           0x0000000000000108        0x0 /var/www/html/antmedia/glibc-2.29/build/libc_pic.a(strlen_generic.os)
 .bss           0x0000000000000108        0x0 /var/www/html/antmedia/glibc-2.29/build/libc_pic.a(strlen_asimd.os)
 .bss           0x0000000000000108        0x0 /var/www/html/antmedia/glibc-2.29/build/libc_pic.a(closedir.os)
 .bss           0x0000000000000108        0x0 /var/www/html/antmedia/glibc-2.29/build/libc_pic.a(rewinddir.os)
 .bss           0x0000000000000108        0x0 /var/www/html/antmedia/glibc-2.29/build/libc_pic.a(readdir64.os)
 .bss           0x0000000000000108        0x0 /var/www/html/antmedia/glibc-2.29/build/libc_pic.a(fdopendir.os)
 .bss           0x0000000000000108        0x0 /var/www/html/antmedia/glibc-2.29/build/libc_pic.a(uname.os)
 .bss           0x0000000000000108        0x0 /var/www/html/antmedia/glibc-2.29/build/libc_pic.a(_exit.os)
 .bss           0x0000000000000108        0x0 /var/www/html/antmedia/glibc-2.29/build/libc_pic.a(getpid.os)
 .bss           0x0000000000000108        0x8 /var/www/html/antmedia/glibc-2.29/build/libc_pic.a(environ.os)
                0x0000000000000108                _environ
                0x0000000000000108                __environ
                0x0000000000000108                environ
 .bss           0x0000000000000110        0x0 /var/www/html/antmedia/glibc-2.29/build/libc_pic.a(xstat.os)
 .bss           0x0000000000000110        0x0 /var/www/html/antmedia/glibc-2.29/build/libc_pic.a(fxstat.os)
 .bss           0x0000000000000110        0x0 /var/www/html/antmedia/glibc-2.29/build/libc_pic.a(lxstat.os)
 .bss           0x0000000000000110        0x0 /var/www/html/antmedia/glibc-2.29/build/libc_pic.a(lseek64.os)
 .bss           0x0000000000000110        0x0 /var/www/html/antmedia/glibc-2.29/build/libc_pic.a(access.os)
 .bss           0x0000000000000110        0x0 /var/www/html/antmedia/glibc-2.29/build/libc_pic.a(close_nocancel.os)
 .bss           0x0000000000000110        0x0 /var/www/html/antmedia/glibc-2.29/build/libc_pic.a(fcntl_nocancel.os)
 .bss           0x0000000000000110        0x0 /var/www/html/antmedia/glibc-2.29/build/libc_pic.a(open64_nocancel.os)
 .bss           0x0000000000000110        0x0 /var/www/html/antmedia/glibc-2.29/build/libc_pic.a(openat64_nocancel.os)
 .bss           0x0000000000000110        0x0 /var/www/html/antmedia/glibc-2.29/build/libc_pic.a(read_nocancel.os)
 .bss           0x0000000000000110        0x0 /var/www/html/antmedia/glibc-2.29/build/libc_pic.a(write_nocancel.os)
 .bss           0x0000000000000110        0x0 /var/www/html/antmedia/glibc-2.29/build/libc_pic.a(mmap64.os)
 .bss           0x0000000000000110        0x0 /var/www/html/antmedia/glibc-2.29/build/libc_pic.a(munmap.os)
 .bss           0x0000000000000110        0x0 /var/www/html/antmedia/glibc-2.29/build/libc_pic.a(mprotect.os)
 .bss           0x0000000000000110       0xd8 /var/www/html/antmedia/glibc-2.29/build/libc_pic.a(profil.os)
 .bss           0x00000000000001e8        0x0 /var/www/html/antmedia/glibc-2.29/build/libc_pic.a(prof-freq.os)
 .bss           0x00000000000001e8        0x0 /var/www/html/antmedia/glibc-2.29/build/libc_pic.a(libc-lowlevellock.os)
 .bss           0x00000000000001e8        0x0 /var/www/html/antmedia/glibc-2.29/build/libc_pic.a(dl-addr-obj.os)
 .bss           0x00000000000001e8        0x0 /var/www/html/antmedia/glibc-2.29/build/libc_pic.a(sysdep.os)
 .bss           0x00000000000001e8        0x0 /var/www/html/antmedia/glibc-2.29/build/libc_pic.a(sigaction.os)
 .bss           0x00000000000001e8        0x0 /var/www/html/antmedia/glibc-2.29/build/libc_pic.a(setitimer.os)
 .bss           0x00000000000001e8        0x0 /var/www/html/antmedia/glibc-2.29/build/libc_pic.a(getdents64.os)
 *(COMMON)
 COMMON         0x00000000000001e8        0x0 /var/www/html/antmedia/glibc-2.29/build/elf/dl-allobjs.os

.stab
 *(.stab)

.stabstr
 *(.stabstr)

.stab.excl
 *(.stab.excl)

.stab.exclstr
 *(.stab.exclstr)

.stab.index
 *(.stab.index)

.stab.indexstr
 *(.stab.indexstr)

.comment        0x0000000000000000      0xdc8
 *(.comment)
 .comment       0x0000000000000000      0x715 /var/www/html/antmedia/glibc-2.29/build/elf/dl-allobjs.os
 .comment       0x0000000000000715       0x31 /var/www/html/antmedia/glibc-2.29/build/libc_pic.a(check_fds.os)
 .comment       0x0000000000000746       0x31 /var/www/html/antmedia/glibc-2.29/build/libc_pic.a(errno.os)
 .comment       0x0000000000000777       0x31 /var/www/html/antmedia/glibc-2.29/build/libc_pic.a(scratch_buffer_set_array_size.os)
 .comment       0x00000000000007a8       0x31 /var/www/html/antmedia/glibc-2.29/build/libc_pic.a(strcspn.os)
 .comment       0x00000000000007d9       0x31 /var/www/html/antmedia/glibc-2.29/build/libc_pic.a(strdup.os)
 .comment       0x000000000000080a       0x31 /var/www/html/antmedia/glibc-2.29/build/libc_pic.a(strlen.os)
 .comment       0x000000000000083b       0x31 /var/www/html/antmedia/glibc-2.29/build/libc_pic.a(memmove.os)
 .comment       0x000000000000086c       0x31 /var/www/html/antmedia/glibc-2.29/build/libc_pic.a(memset.os)
 .comment       0x000000000000089d       0x31 /var/www/html/antmedia/glibc-2.29/build/libc_pic.a(mempcpy.os)
 .comment       0x00000000000008ce       0x31 /var/www/html/antmedia/glibc-2.29/build/libc_pic.a(memcpy.os)
 .comment       0x00000000000008ff       0x31 /var/www/html/antmedia/glibc-2.29/build/libc_pic.a(closedir.os)
 .comment       0x0000000000000930       0x31 /var/www/html/antmedia/glibc-2.29/build/libc_pic.a(rewinddir.os)
 .comment       0x0000000000000961       0x31 /var/www/html/antmedia/glibc-2.29/build/libc_pic.a(readdir64.os)
 .comment       0x0000000000000992       0x31 /var/www/html/antmedia/glibc-2.29/build/libc_pic.a(fdopendir.os)
 .comment       0x00000000000009c3       0x31 /var/www/html/antmedia/glibc-2.29/build/libc_pic.a(_exit.os)
 .comment       0x00000000000009f4       0x31 /var/www/html/antmedia/glibc-2.29/build/libc_pic.a(environ.os)
 .comment       0x0000000000000a25       0x31 /var/www/html/antmedia/glibc-2.29/build/libc_pic.a(xstat.os)
 .comment       0x0000000000000a56       0x31 /var/www/html/antmedia/glibc-2.29/build/libc_pic.a(fxstat.os)
 .comment       0x0000000000000a87       0x31 /var/www/html/antmedia/glibc-2.29/build/libc_pic.a(lxstat.os)
 .comment       0x0000000000000ab8       0x31 /var/www/html/antmedia/glibc-2.29/build/libc_pic.a(lseek64.os)
 .comment       0x0000000000000ae9       0x31 /var/www/html/antmedia/glibc-2.29/build/libc_pic.a(access.os)
 .comment       0x0000000000000b1a       0x31 /var/www/html/antmedia/glibc-2.29/build/libc_pic.a(close_nocancel.os)
 .comment       0x0000000000000b4b       0x31 /var/www/html/antmedia/glibc-2.29/build/libc_pic.a(fcntl_nocancel.os)
 .comment       0x0000000000000b7c       0x31 /var/www/html/antmedia/glibc-2.29/build/libc_pic.a(open64_nocancel.os)
 .comment       0x0000000000000bad       0x31 /var/www/html/antmedia/glibc-2.29/build/libc_pic.a(openat64_nocancel.os)
 .comment       0x0000000000000bde       0x31 /var/www/html/antmedia/glibc-2.29/build/libc_pic.a(read_nocancel.os)
 .comment       0x0000000000000c0f       0x31 /var/www/html/antmedia/glibc-2.29/build/libc_pic.a(write_nocancel.os)
 .comment       0x0000000000000c40       0x31 /var/www/html/antmedia/glibc-2.29/build/libc_pic.a(mmap64.os)
 .comment       0x0000000000000c71       0x31 /var/www/html/antmedia/glibc-2.29/build/libc_pic.a(profil.os)
 .comment       0x0000000000000ca2       0x31 /var/www/html/antmedia/glibc-2.29/build/libc_pic.a(prof-freq.os)
 .comment       0x0000000000000cd3       0x31 /var/www/html/antmedia/glibc-2.29/build/libc_pic.a(libc-lowlevellock.os)
 .comment       0x0000000000000d04       0x31 /var/www/html/antmedia/glibc-2.29/build/libc_pic.a(dl-addr-obj.os)
 .comment       0x0000000000000d35       0x31 /var/www/html/antmedia/glibc-2.29/build/libc_pic.a(sysdep.os)
 .comment       0x0000000000000d66       0x31 /var/www/html/antmedia/glibc-2.29/build/libc_pic.a(sigaction.os)
 .comment       0x0000000000000d97       0x31 /var/www/html/antmedia/glibc-2.29/build/libc_pic.a(getdents64.os)

.note.GNU-stack
                0x0000000000000000        0x0
 .note.GNU-stack
                0x0000000000000000        0x0 /var/www/html/antmedia/glibc-2.29/build/elf/dl-allobjs.os
 .note.GNU-stack
                0x0000000000000000        0x0 /var/www/html/antmedia/glibc-2.29/build/libc_pic.a(check_fds.os)
 .note.GNU-stack
                0x0000000000000000        0x0 /var/www/html/antmedia/glibc-2.29/build/libc_pic.a(errno.os)
 .note.GNU-stack
                0x0000000000000000        0x0 /var/www/html/antmedia/glibc-2.29/build/libc_pic.a(setjmp.os)
 .note.GNU-stack
                0x0000000000000000        0x0 /var/www/html/antmedia/glibc-2.29/build/libc_pic.a(__longjmp.os)
 .note.GNU-stack
                0x0000000000000000        0x0 /var/www/html/antmedia/glibc-2.29/build/libc_pic.a(scratch_buffer_set_array_size.os)
 .note.GNU-stack
                0x0000000000000000        0x0 /var/www/html/antmedia/glibc-2.29/build/libc_pic.a(strchr.os)
 .note.GNU-stack
                0x0000000000000000        0x0 /var/www/html/antmedia/glibc-2.29/build/libc_pic.a(strcmp.os)
 .note.GNU-stack
                0x0000000000000000        0x0 /var/www/html/antmedia/glibc-2.29/build/libc_pic.a(strcspn.os)
 .note.GNU-stack
                0x0000000000000000        0x0 /var/www/html/antmedia/glibc-2.29/build/libc_pic.a(strdup.os)
 .note.GNU-stack
                0x0000000000000000        0x0 /var/www/html/antmedia/glibc-2.29/build/libc_pic.a(strlen.os)
 .note.GNU-stack
                0x0000000000000000        0x0 /var/www/html/antmedia/glibc-2.29/build/libc_pic.a(strnlen.os)
 .note.GNU-stack
                0x0000000000000000        0x0 /var/www/html/antmedia/glibc-2.29/build/libc_pic.a(strncmp.os)
 .note.GNU-stack
                0x0000000000000000        0x0 /var/www/html/antmedia/glibc-2.29/build/libc_pic.a(memchr.os)
 .note.GNU-stack
                0x0000000000000000        0x0 /var/www/html/antmedia/glibc-2.29/build/libc_pic.a(memcmp.os)
 .note.GNU-stack
                0x0000000000000000        0x0 /var/www/html/antmedia/glibc-2.29/build/libc_pic.a(memmove.os)
 .note.GNU-stack
                0x0000000000000000        0x0 /var/www/html/antmedia/glibc-2.29/build/libc_pic.a(memset.os)
 .note.GNU-stack
                0x0000000000000000        0x0 /var/www/html/antmedia/glibc-2.29/build/libc_pic.a(mempcpy.os)
 .note.GNU-stack
                0x0000000000000000        0x0 /var/www/html/antmedia/glibc-2.29/build/libc_pic.a(stpcpy.os)
 .note.GNU-stack
                0x0000000000000000        0x0 /var/www/html/antmedia/glibc-2.29/build/libc_pic.a(memcpy.os)
 .note.GNU-stack
                0x0000000000000000        0x0 /var/www/html/antmedia/glibc-2.29/build/libc_pic.a(rawmemchr.os)
 .note.GNU-stack
                0x0000000000000000        0x0 /var/www/html/antmedia/glibc-2.29/build/libc_pic.a(strchrnul.os)
 .note.GNU-stack
                0x0000000000000000        0x0 /var/www/html/antmedia/glibc-2.29/build/libc_pic.a(memcpy_generic.os)
 .note.GNU-stack
                0x0000000000000000        0x0 /var/www/html/antmedia/glibc-2.29/build/libc_pic.a(memcpy_thunderx.os)
 .note.GNU-stack
                0x0000000000000000        0x0 /var/www/html/antmedia/glibc-2.29/build/libc_pic.a(memcpy_thunderx2.os)
 .note.GNU-stack
                0x0000000000000000        0x0 /var/www/html/antmedia/glibc-2.29/build/libc_pic.a(memcpy_falkor.os)
 .note.GNU-stack
                0x0000000000000000        0x0 /var/www/html/antmedia/glibc-2.29/build/libc_pic.a(memmove_falkor.os)
 .note.GNU-stack
                0x0000000000000000        0x0 /var/www/html/antmedia/glibc-2.29/build/libc_pic.a(memset_generic.os)
 .note.GNU-stack
                0x0000000000000000        0x0 /var/www/html/antmedia/glibc-2.29/build/libc_pic.a(memset_falkor.os)
 .note.GNU-stack
                0x0000000000000000        0x0 /var/www/html/antmedia/glibc-2.29/build/libc_pic.a(strlen_generic.os)
 .note.GNU-stack
                0x0000000000000000        0x0 /var/www/html/antmedia/glibc-2.29/build/libc_pic.a(strlen_asimd.os)
 .note.GNU-stack
                0x0000000000000000        0x0 /var/www/html/antmedia/glibc-2.29/build/libc_pic.a(closedir.os)
 .note.GNU-stack
                0x0000000000000000        0x0 /var/www/html/antmedia/glibc-2.29/build/libc_pic.a(rewinddir.os)
 .note.GNU-stack
                0x0000000000000000        0x0 /var/www/html/antmedia/glibc-2.29/build/libc_pic.a(readdir64.os)
 .note.GNU-stack
                0x0000000000000000        0x0 /var/www/html/antmedia/glibc-2.29/build/libc_pic.a(fdopendir.os)
 .note.GNU-stack
                0x0000000000000000        0x0 /var/www/html/antmedia/glibc-2.29/build/libc_pic.a(uname.os)
 .note.GNU-stack
                0x0000000000000000        0x0 /var/www/html/antmedia/glibc-2.29/build/libc_pic.a(_exit.os)
 .note.GNU-stack
                0x0000000000000000        0x0 /var/www/html/antmedia/glibc-2.29/build/libc_pic.a(getpid.os)
 .note.GNU-stack
                0x0000000000000000        0x0 /var/www/html/antmedia/glibc-2.29/build/libc_pic.a(environ.os)
 .note.GNU-stack
                0x0000000000000000        0x0 /var/www/html/antmedia/glibc-2.29/build/libc_pic.a(xstat.os)
 .note.GNU-stack
                0x0000000000000000        0x0 /var/www/html/antmedia/glibc-2.29/build/libc_pic.a(fxstat.os)
 .note.GNU-stack
                0x0000000000000000        0x0 /var/www/html/antmedia/glibc-2.29/build/libc_pic.a(lxstat.os)
 .note.GNU-stack
                0x0000000000000000        0x0 /var/www/html/antmedia/glibc-2.29/build/libc_pic.a(lseek64.os)
 .note.GNU-stack
                0x0000000000000000        0x0 /var/www/html/antmedia/glibc-2.29/build/libc_pic.a(access.os)
 .note.GNU-stack
                0x0000000000000000        0x0 /var/www/html/antmedia/glibc-2.29/build/libc_pic.a(close_nocancel.os)
 .note.GNU-stack
                0x0000000000000000        0x0 /var/www/html/antmedia/glibc-2.29/build/libc_pic.a(fcntl_nocancel.os)
 .note.GNU-stack
                0x0000000000000000        0x0 /var/www/html/antmedia/glibc-2.29/build/libc_pic.a(open64_nocancel.os)
 .note.GNU-stack
                0x0000000000000000        0x0 /var/www/html/antmedia/glibc-2.29/build/libc_pic.a(openat64_nocancel.os)
 .note.GNU-stack
                0x0000000000000000        0x0 /var/www/html/antmedia/glibc-2.29/build/libc_pic.a(read_nocancel.os)
 .note.GNU-stack
                0x0000000000000000        0x0 /var/www/html/antmedia/glibc-2.29/build/libc_pic.a(write_nocancel.os)
 .note.GNU-stack
                0x0000000000000000        0x0 /var/www/html/antmedia/glibc-2.29/build/libc_pic.a(mmap64.os)
 .note.GNU-stack
                0x0000000000000000        0x0 /var/www/html/antmedia/glibc-2.29/build/libc_pic.a(munmap.os)
 .note.GNU-stack
                0x0000000000000000        0x0 /var/www/html/antmedia/glibc-2.29/build/libc_pic.a(mprotect.os)
 .note.GNU-stack
                0x0000000000000000        0x0 /var/www/html/antmedia/glibc-2.29/build/libc_pic.a(profil.os)
 .note.GNU-stack
                0x0000000000000000        0x0 /var/www/html/antmedia/glibc-2.29/build/libc_pic.a(prof-freq.os)
 .note.GNU-stack
                0x0000000000000000        0x0 /var/www/html/antmedia/glibc-2.29/build/libc_pic.a(libc-lowlevellock.os)
 .note.GNU-stack
                0x0000000000000000        0x0 /var/www/html/antmedia/glibc-2.29/build/libc_pic.a(dl-addr-obj.os)
 .note.GNU-stack
                0x0000000000000000        0x0 /var/www/html/antmedia/glibc-2.29/build/libc_pic.a(sysdep.os)
 .note.GNU-stack
                0x0000000000000000        0x0 /var/www/html/antmedia/glibc-2.29/build/libc_pic.a(sigaction.os)
 .note.GNU-stack
                0x0000000000000000        0x0 /var/www/html/antmedia/glibc-2.29/build/libc_pic.a(setitimer.os)
 .note.GNU-stack
                0x0000000000000000        0x0 /var/www/html/antmedia/glibc-2.29/build/libc_pic.a(getdents64.os)

.debug
 *(.debug)

.line
 *(.line)

.debug_srcinfo
 *(.debug_srcinfo)

.debug_sfnames
 *(.debug_sfnames)

.debug_aranges  0x0000000000000000     0x12c0
 *(.debug_aranges)
 .debug_aranges
                0x0000000000000000      0x7a0 /var/www/html/antmedia/glibc-2.29/build/elf/dl-allobjs.os
 .debug_aranges
                0x00000000000007a0       0x30 /var/www/html/antmedia/glibc-2.29/build/libc_pic.a(check_fds.os)
 .debug_aranges
                0x00000000000007d0       0x20 /var/www/html/antmedia/glibc-2.29/build/libc_pic.a(errno.os)
 .debug_aranges
                0x00000000000007f0       0x30 /var/www/html/antmedia/glibc-2.29/build/libc_pic.a(setjmp.os)
 .debug_aranges
                0x0000000000000820       0x30 /var/www/html/antmedia/glibc-2.29/build/libc_pic.a(__longjmp.os)
 .debug_aranges
                0x0000000000000850       0x30 /var/www/html/antmedia/glibc-2.29/build/libc_pic.a(scratch_buffer_set_array_size.os)
 .debug_aranges
                0x0000000000000880       0x30 /var/www/html/antmedia/glibc-2.29/build/libc_pic.a(strchr.os)
 .debug_aranges
                0x00000000000008b0       0x30 /var/www/html/antmedia/glibc-2.29/build/libc_pic.a(strcmp.os)
 .debug_aranges
                0x00000000000008e0       0x30 /var/www/html/antmedia/glibc-2.29/build/libc_pic.a(strcspn.os)
 .debug_aranges
                0x0000000000000910       0x30 /var/www/html/antmedia/glibc-2.29/build/libc_pic.a(strdup.os)
 .debug_aranges
                0x0000000000000940       0x30 /var/www/html/antmedia/glibc-2.29/build/libc_pic.a(strlen.os)
 .debug_aranges
                0x0000000000000970       0x30 /var/www/html/antmedia/glibc-2.29/build/libc_pic.a(strnlen.os)
 .debug_aranges
                0x00000000000009a0       0x30 /var/www/html/antmedia/glibc-2.29/build/libc_pic.a(strncmp.os)
 .debug_aranges
                0x00000000000009d0       0x30 /var/www/html/antmedia/glibc-2.29/build/libc_pic.a(memchr.os)
 .debug_aranges
                0x0000000000000a00       0x30 /var/www/html/antmedia/glibc-2.29/build/libc_pic.a(memcmp.os)
 .debug_aranges
                0x0000000000000a30       0x30 /var/www/html/antmedia/glibc-2.29/build/libc_pic.a(memmove.os)
 .debug_aranges
                0x0000000000000a60       0x30 /var/www/html/antmedia/glibc-2.29/build/libc_pic.a(memset.os)
 .debug_aranges
                0x0000000000000a90       0x30 /var/www/html/antmedia/glibc-2.29/build/libc_pic.a(mempcpy.os)
 .debug_aranges
                0x0000000000000ac0       0x30 /var/www/html/antmedia/glibc-2.29/build/libc_pic.a(stpcpy.os)
 .debug_aranges
                0x0000000000000af0       0x30 /var/www/html/antmedia/glibc-2.29/build/libc_pic.a(memcpy.os)
 .debug_aranges
                0x0000000000000b20       0x30 /var/www/html/antmedia/glibc-2.29/build/libc_pic.a(rawmemchr.os)
 .debug_aranges
                0x0000000000000b50       0x30 /var/www/html/antmedia/glibc-2.29/build/libc_pic.a(strchrnul.os)
 .debug_aranges
                0x0000000000000b80       0x30 /var/www/html/antmedia/glibc-2.29/build/libc_pic.a(memcpy_generic.os)
 .debug_aranges
                0x0000000000000bb0       0x30 /var/www/html/antmedia/glibc-2.29/build/libc_pic.a(memcpy_thunderx.os)
 .debug_aranges
                0x0000000000000be0       0x30 /var/www/html/antmedia/glibc-2.29/build/libc_pic.a(memcpy_thunderx2.os)
 .debug_aranges
                0x0000000000000c10       0x30 /var/www/html/antmedia/glibc-2.29/build/libc_pic.a(memcpy_falkor.os)
 .debug_aranges
                0x0000000000000c40       0x30 /var/www/html/antmedia/glibc-2.29/build/libc_pic.a(memmove_falkor.os)
 .debug_aranges
                0x0000000000000c70       0x30 /var/www/html/antmedia/glibc-2.29/build/libc_pic.a(memset_generic.os)
 .debug_aranges
                0x0000000000000ca0       0x30 /var/www/html/antmedia/glibc-2.29/build/libc_pic.a(memset_falkor.os)
 .debug_aranges
                0x0000000000000cd0       0x30 /var/www/html/antmedia/glibc-2.29/build/libc_pic.a(strlen_generic.os)
 .debug_aranges
                0x0000000000000d00       0x30 /var/www/html/antmedia/glibc-2.29/build/libc_pic.a(strlen_asimd.os)
 .debug_aranges
                0x0000000000000d30       0x30 /var/www/html/antmedia/glibc-2.29/build/libc_pic.a(closedir.os)
 .debug_aranges
                0x0000000000000d60       0x30 /var/www/html/antmedia/glibc-2.29/build/libc_pic.a(rewinddir.os)
 .debug_aranges
                0x0000000000000d90       0x30 /var/www/html/antmedia/glibc-2.29/build/libc_pic.a(readdir64.os)
 .debug_aranges
                0x0000000000000dc0       0x30 /var/www/html/antmedia/glibc-2.29/build/libc_pic.a(fdopendir.os)
 .debug_aranges
                0x0000000000000df0       0x30 /var/www/html/antmedia/glibc-2.29/build/libc_pic.a(uname.os)
 .debug_aranges
                0x0000000000000e20       0x30 /var/www/html/antmedia/glibc-2.29/build/libc_pic.a(_exit.os)
 .debug_aranges
                0x0000000000000e50       0x30 /var/www/html/antmedia/glibc-2.29/build/libc_pic.a(getpid.os)
 .debug_aranges
                0x0000000000000e80       0x20 /var/www/html/antmedia/glibc-2.29/build/libc_pic.a(environ.os)
 .debug_aranges
                0x0000000000000ea0       0x30 /var/www/html/antmedia/glibc-2.29/build/libc_pic.a(xstat.os)
 .debug_aranges
                0x0000000000000ed0       0x30 /var/www/html/antmedia/glibc-2.29/build/libc_pic.a(fxstat.os)
 .debug_aranges
                0x0000000000000f00       0x30 /var/www/html/antmedia/glibc-2.29/build/libc_pic.a(lxstat.os)
 .debug_aranges
                0x0000000000000f30       0x30 /var/www/html/antmedia/glibc-2.29/build/libc_pic.a(lseek64.os)
 .debug_aranges
                0x0000000000000f60       0x30 /var/www/html/antmedia/glibc-2.29/build/libc_pic.a(access.os)
 .debug_aranges
                0x0000000000000f90       0x30 /var/www/html/antmedia/glibc-2.29/build/libc_pic.a(close_nocancel.os)
 .debug_aranges
                0x0000000000000fc0       0x30 /var/www/html/antmedia/glibc-2.29/build/libc_pic.a(fcntl_nocancel.os)
 .debug_aranges
                0x0000000000000ff0       0x30 /var/www/html/antmedia/glibc-2.29/build/libc_pic.a(open64_nocancel.os)
 .debug_aranges
                0x0000000000001020       0x30 /var/www/html/antmedia/glibc-2.29/build/libc_pic.a(openat64_nocancel.os)
 .debug_aranges
                0x0000000000001050       0x30 /var/www/html/antmedia/glibc-2.29/build/libc_pic.a(read_nocancel.os)
 .debug_aranges
                0x0000000000001080       0x30 /var/www/html/antmedia/glibc-2.29/build/libc_pic.a(write_nocancel.os)
 .debug_aranges
                0x00000000000010b0       0x30 /var/www/html/antmedia/glibc-2.29/build/libc_pic.a(mmap64.os)
 .debug_aranges
                0x00000000000010e0       0x30 /var/www/html/antmedia/glibc-2.29/build/libc_pic.a(munmap.os)
 .debug_aranges
                0x0000000000001110       0x30 /var/www/html/antmedia/glibc-2.29/build/libc_pic.a(mprotect.os)
 .debug_aranges
                0x0000000000001140       0x30 /var/www/html/antmedia/glibc-2.29/build/libc_pic.a(profil.os)
 .debug_aranges
                0x0000000000001170       0x30 /var/www/html/antmedia/glibc-2.29/build/libc_pic.a(prof-freq.os)
 .debug_aranges
                0x00000000000011a0       0x30 /var/www/html/antmedia/glibc-2.29/build/libc_pic.a(libc-lowlevellock.os)
 .debug_aranges
                0x00000000000011d0       0x30 /var/www/html/antmedia/glibc-2.29/build/libc_pic.a(dl-addr-obj.os)
 .debug_aranges
                0x0000000000001200       0x30 /var/www/html/antmedia/glibc-2.29/build/libc_pic.a(sysdep.os)
 .debug_aranges
                0x0000000000001230       0x30 /var/www/html/antmedia/glibc-2.29/build/libc_pic.a(sigaction.os)
 .debug_aranges
                0x0000000000001260       0x30 /var/www/html/antmedia/glibc-2.29/build/libc_pic.a(setitimer.os)
 .debug_aranges
                0x0000000000001290       0x30 /var/www/html/antmedia/glibc-2.29/build/libc_pic.a(getdents64.os)

.debug_pubnames
 *(.debug_pubnames)

.debug_info     0x0000000000000000    0xb8616
 *(.debug_info)
 .debug_info    0x0000000000000000    0x89214 /var/www/html/antmedia/glibc-2.29/build/elf/dl-allobjs.os
 .debug_info    0x0000000000089214      0xaad /var/www/html/antmedia/glibc-2.29/build/libc_pic.a(check_fds.os)
 .debug_info    0x0000000000089cc1      0x680 /var/www/html/antmedia/glibc-2.29/build/libc_pic.a(errno.os)
 .debug_info    0x000000000008a341       0x2e /var/www/html/antmedia/glibc-2.29/build/libc_pic.a(setjmp.os)
 .debug_info    0x000000000008a36f       0x2e /var/www/html/antmedia/glibc-2.29/build/libc_pic.a(__longjmp.os)
 .debug_info    0x000000000008a39d      0x904 /var/www/html/antmedia/glibc-2.29/build/libc_pic.a(scratch_buffer_set_array_size.os)
 .debug_info    0x000000000008aca1       0x2e /var/www/html/antmedia/glibc-2.29/build/libc_pic.a(strchr.os)
 .debug_info    0x000000000008accf       0x2e /var/www/html/antmedia/glibc-2.29/build/libc_pic.a(strcmp.os)
 .debug_info    0x000000000008acfd      0x194 /var/www/html/antmedia/glibc-2.29/build/libc_pic.a(strcspn.os)
 .debug_info    0x000000000008ae91      0x217 /var/www/html/antmedia/glibc-2.29/build/libc_pic.a(strdup.os)
 .debug_info    0x000000000008b0a8     0x32a9 /var/www/html/antmedia/glibc-2.29/build/libc_pic.a(strlen.os)
 .debug_info    0x000000000008e351       0x2e /var/www/html/antmedia/glibc-2.29/build/libc_pic.a(strnlen.os)
 .debug_info    0x000000000008e37f       0x2e /var/www/html/antmedia/glibc-2.29/build/libc_pic.a(strncmp.os)
 .debug_info    0x000000000008e3ad       0x2e /var/www/html/antmedia/glibc-2.29/build/libc_pic.a(memchr.os)
 .debug_info    0x000000000008e3db       0x2e /var/www/html/antmedia/glibc-2.29/build/libc_pic.a(memcmp.os)
 .debug_info    0x000000000008e409     0x32b3 /var/www/html/antmedia/glibc-2.29/build/libc_pic.a(memmove.os)
 .debug_info    0x00000000000916bc     0x32b5 /var/www/html/antmedia/glibc-2.29/build/libc_pic.a(memset.os)
 .debug_info    0x0000000000094971      0x113 /var/www/html/antmedia/glibc-2.29/build/libc_pic.a(mempcpy.os)
 .debug_info    0x0000000000094a84       0x2e /var/www/html/antmedia/glibc-2.29/build/libc_pic.a(stpcpy.os)
 .debug_info    0x0000000000094ab2     0x32bd /var/www/html/antmedia/glibc-2.29/build/libc_pic.a(memcpy.os)
 .debug_info    0x0000000000097d6f       0x2e /var/www/html/antmedia/glibc-2.29/build/libc_pic.a(rawmemchr.os)
 .debug_info    0x0000000000097d9d       0x2e /var/www/html/antmedia/glibc-2.29/build/libc_pic.a(strchrnul.os)
 .debug_info    0x0000000000097dcb       0x2e /var/www/html/antmedia/glibc-2.29/build/libc_pic.a(memcpy_generic.os)
 .debug_info    0x0000000000097df9       0x2e /var/www/html/antmedia/glibc-2.29/build/libc_pic.a(memcpy_thunderx.os)
 .debug_info    0x0000000000097e27       0x2e /var/www/html/antmedia/glibc-2.29/build/libc_pic.a(memcpy_thunderx2.os)
 .debug_info    0x0000000000097e55       0x2e /var/www/html/antmedia/glibc-2.29/build/libc_pic.a(memcpy_falkor.os)
 .debug_info    0x0000000000097e83       0x2e /var/www/html/antmedia/glibc-2.29/build/libc_pic.a(memmove_falkor.os)
 .debug_info    0x0000000000097eb1       0x2e /var/www/html/antmedia/glibc-2.29/build/libc_pic.a(memset_generic.os)
 .debug_info    0x0000000000097edf       0x2e /var/www/html/antmedia/glibc-2.29/build/libc_pic.a(memset_falkor.os)
 .debug_info    0x0000000000097f0d       0x2e /var/www/html/antmedia/glibc-2.29/build/libc_pic.a(strlen_generic.os)
 .debug_info    0x0000000000097f3b       0x2e /var/www/html/antmedia/glibc-2.29/build/libc_pic.a(strlen_asimd.os)
 .debug_info    0x0000000000097f69     0x1bec /var/www/html/antmedia/glibc-2.29/build/libc_pic.a(closedir.os)
 .debug_info    0x0000000000099b55     0x1d51 /var/www/html/antmedia/glibc-2.29/build/libc_pic.a(rewinddir.os)
 .debug_info    0x000000000009b8a6     0x1e20 /var/www/html/antmedia/glibc-2.29/build/libc_pic.a(readdir64.os)
 .debug_info    0x000000000009d6c6     0x1d82 /var/www/html/antmedia/glibc-2.29/build/libc_pic.a(fdopendir.os)
 .debug_info    0x000000000009f448       0x2e /var/www/html/antmedia/glibc-2.29/build/libc_pic.a(uname.os)
 .debug_info    0x000000000009f476      0x7c1 /var/www/html/antmedia/glibc-2.29/build/libc_pic.a(_exit.os)
 .debug_info    0x000000000009fc37       0x2e /var/www/html/antmedia/glibc-2.29/build/libc_pic.a(getpid.os)
 .debug_info    0x000000000009fc65       0xf4 /var/www/html/antmedia/glibc-2.29/build/libc_pic.a(environ.os)
 .debug_info    0x000000000009fd59      0x922 /var/www/html/antmedia/glibc-2.29/build/libc_pic.a(xstat.os)
 .debug_info    0x00000000000a067b      0x8de /var/www/html/antmedia/glibc-2.29/build/libc_pic.a(fxstat.os)
 .debug_info    0x00000000000a0f59      0x922 /var/www/html/antmedia/glibc-2.29/build/libc_pic.a(lxstat.os)
 .debug_info    0x00000000000a187b      0x7e7 /var/www/html/antmedia/glibc-2.29/build/libc_pic.a(lseek64.os)
 .debug_info    0x00000000000a2062     0x1d7d /var/www/html/antmedia/glibc-2.29/build/libc_pic.a(access.os)
 .debug_info    0x00000000000a3ddf     0x1d3c /var/www/html/antmedia/glibc-2.29/build/libc_pic.a(close_nocancel.os)
 .debug_info    0x00000000000a5b1b     0x2022 /var/www/html/antmedia/glibc-2.29/build/libc_pic.a(fcntl_nocancel.os)
 .debug_info    0x00000000000a7b3d      0x887 /var/www/html/antmedia/glibc-2.29/build/libc_pic.a(open64_nocancel.os)
 .debug_info    0x00000000000a83c4     0x1e24 /var/www/html/antmedia/glibc-2.29/build/libc_pic.a(openat64_nocancel.os)
 .debug_info    0x00000000000aa1e8     0x1da8 /var/www/html/antmedia/glibc-2.29/build/libc_pic.a(read_nocancel.os)
 .debug_info    0x00000000000abf90     0x1da8 /var/www/html/antmedia/glibc-2.29/build/libc_pic.a(write_nocancel.os)
 .debug_info    0x00000000000add38      0x92f /var/www/html/antmedia/glibc-2.29/build/libc_pic.a(mmap64.os)
 .debug_info    0x00000000000ae667       0x2e /var/www/html/antmedia/glibc-2.29/build/libc_pic.a(munmap.os)
 .debug_info    0x00000000000ae695       0x2e /var/www/html/antmedia/glibc-2.29/build/libc_pic.a(mprotect.os)
 .debug_info    0x00000000000ae6c3      0xf49 /var/www/html/antmedia/glibc-2.29/build/libc_pic.a(profil.os)
 .debug_info    0x00000000000af60c     0x3275 /var/www/html/antmedia/glibc-2.29/build/libc_pic.a(prof-freq.os)
 .debug_info    0x00000000000b2881      0x875 /var/www/html/antmedia/glibc-2.29/build/libc_pic.a(libc-lowlevellock.os)
 .debug_info    0x00000000000b30f6     0x261e /var/www/html/antmedia/glibc-2.29/build/libc_pic.a(dl-addr-obj.os)
 .debug_info    0x00000000000b5714      0x6af /var/www/html/antmedia/glibc-2.29/build/libc_pic.a(sysdep.os)
 .debug_info    0x00000000000b5dc3      0xd01 /var/www/html/antmedia/glibc-2.29/build/libc_pic.a(sigaction.os)
 .debug_info    0x00000000000b6ac4       0x2e /var/www/html/antmedia/glibc-2.29/build/libc_pic.a(setitimer.os)
 .debug_info    0x00000000000b6af2     0x1b24 /var/www/html/antmedia/glibc-2.29/build/libc_pic.a(getdents64.os)

.debug_abbrev   0x0000000000000000     0xf606
 *(.debug_abbrev)
 .debug_abbrev  0x0000000000000000     0xa22e /var/www/html/antmedia/glibc-2.29/build/elf/dl-allobjs.os
 .debug_abbrev  0x000000000000a22e      0x238 /var/www/html/antmedia/glibc-2.29/build/libc_pic.a(check_fds.os)
 .debug_abbrev  0x000000000000a466      0x142 /var/www/html/antmedia/glibc-2.29/build/libc_pic.a(errno.os)
 .debug_abbrev  0x000000000000a5a8       0x14 /var/www/html/antmedia/glibc-2.29/build/libc_pic.a(setjmp.os)
 .debug_abbrev  0x000000000000a5bc       0x14 /var/www/html/antmedia/glibc-2.29/build/libc_pic.a(__longjmp.os)
 .debug_abbrev  0x000000000000a5d0      0x293 /var/www/html/antmedia/glibc-2.29/build/libc_pic.a(scratch_buffer_set_array_size.os)
 .debug_abbrev  0x000000000000a863       0x14 /var/www/html/antmedia/glibc-2.29/build/libc_pic.a(strchr.os)
 .debug_abbrev  0x000000000000a877       0x14 /var/www/html/antmedia/glibc-2.29/build/libc_pic.a(strcmp.os)
 .debug_abbrev  0x000000000000a88b       0xea /var/www/html/antmedia/glibc-2.29/build/libc_pic.a(strcspn.os)
 .debug_abbrev  0x000000000000a975      0x13f /var/www/html/antmedia/glibc-2.29/build/libc_pic.a(strdup.os)
 .debug_abbrev  0x000000000000aab4      0x31b /var/www/html/antmedia/glibc-2.29/build/libc_pic.a(strlen.os)
 .debug_abbrev  0x000000000000adcf       0x14 /var/www/html/antmedia/glibc-2.29/build/libc_pic.a(strnlen.os)
 .debug_abbrev  0x000000000000ade3       0x14 /var/www/html/antmedia/glibc-2.29/build/libc_pic.a(strncmp.os)
 .debug_abbrev  0x000000000000adf7       0x14 /var/www/html/antmedia/glibc-2.29/build/libc_pic.a(memchr.os)
 .debug_abbrev  0x000000000000ae0b       0x14 /var/www/html/antmedia/glibc-2.29/build/libc_pic.a(memcmp.os)
 .debug_abbrev  0x000000000000ae1f      0x31b /var/www/html/antmedia/glibc-2.29/build/libc_pic.a(memmove.os)
 .debug_abbrev  0x000000000000b13a      0x31d /var/www/html/antmedia/glibc-2.29/build/libc_pic.a(memset.os)
 .debug_abbrev  0x000000000000b457       0xb2 /var/www/html/antmedia/glibc-2.29/build/libc_pic.a(mempcpy.os)
 .debug_abbrev  0x000000000000b509       0x14 /var/www/html/antmedia/glibc-2.29/build/libc_pic.a(stpcpy.os)
 .debug_abbrev  0x000000000000b51d      0x31b /var/www/html/antmedia/glibc-2.29/build/libc_pic.a(memcpy.os)
 .debug_abbrev  0x000000000000b838       0x14 /var/www/html/antmedia/glibc-2.29/build/libc_pic.a(rawmemchr.os)
 .debug_abbrev  0x000000000000b84c       0x14 /var/www/html/antmedia/glibc-2.29/build/libc_pic.a(strchrnul.os)
 .debug_abbrev  0x000000000000b860       0x14 /var/www/html/antmedia/glibc-2.29/build/libc_pic.a(memcpy_generic.os)
 .debug_abbrev  0x000000000000b874       0x14 /var/www/html/antmedia/glibc-2.29/build/libc_pic.a(memcpy_thunderx.os)
 .debug_abbrev  0x000000000000b888       0x14 /var/www/html/antmedia/glibc-2.29/build/libc_pic.a(memcpy_thunderx2.os)
 .debug_abbrev  0x000000000000b89c       0x14 /var/www/html/antmedia/glibc-2.29/build/libc_pic.a(memcpy_falkor.os)
 .debug_abbrev  0x000000000000b8b0       0x14 /var/www/html/antmedia/glibc-2.29/build/libc_pic.a(memmove_falkor.os)
 .debug_abbrev  0x000000000000b8c4       0x14 /var/www/html/antmedia/glibc-2.29/build/libc_pic.a(memset_generic.os)
 .debug_abbrev  0x000000000000b8d8       0x14 /var/www/html/antmedia/glibc-2.29/build/libc_pic.a(memset_falkor.os)
 .debug_abbrev  0x000000000000b8ec       0x14 /var/www/html/antmedia/glibc-2.29/build/libc_pic.a(strlen_generic.os)
 .debug_abbrev  0x000000000000b900       0x14 /var/www/html/antmedia/glibc-2.29/build/libc_pic.a(strlen_asimd.os)
 .debug_abbrev  0x000000000000b914      0x316 /var/www/html/antmedia/glibc-2.29/build/libc_pic.a(closedir.os)
 .debug_abbrev  0x000000000000bc2a      0x369 /var/www/html/antmedia/glibc-2.29/build/libc_pic.a(rewinddir.os)
 .debug_abbrev  0x000000000000bf93      0x350 /var/www/html/antmedia/glibc-2.29/build/libc_pic.a(readdir64.os)
 .debug_abbrev  0x000000000000c2e3      0x322 /var/www/html/antmedia/glibc-2.29/build/libc_pic.a(fdopendir.os)
 .debug_abbrev  0x000000000000c605       0x14 /var/www/html/antmedia/glibc-2.29/build/libc_pic.a(uname.os)
 .debug_abbrev  0x000000000000c619      0x186 /var/www/html/antmedia/glibc-2.29/build/libc_pic.a(_exit.os)
 .debug_abbrev  0x000000000000c79f       0x14 /var/www/html/antmedia/glibc-2.29/build/libc_pic.a(getpid.os)
 .debug_abbrev  0x000000000000c7b3       0x78 /var/www/html/antmedia/glibc-2.29/build/libc_pic.a(environ.os)
 .debug_abbrev  0x000000000000c82b      0x196 /var/www/html/antmedia/glibc-2.29/build/libc_pic.a(xstat.os)
 .debug_abbrev  0x000000000000c9c1      0x196 /var/www/html/antmedia/glibc-2.29/build/libc_pic.a(fxstat.os)
 .debug_abbrev  0x000000000000cb57      0x196 /var/www/html/antmedia/glibc-2.29/build/libc_pic.a(lxstat.os)
 .debug_abbrev  0x000000000000cced      0x192 /var/www/html/antmedia/glibc-2.29/build/libc_pic.a(lseek64.os)
 .debug_abbrev  0x000000000000ce7f      0x2de /var/www/html/antmedia/glibc-2.29/build/libc_pic.a(access.os)
 .debug_abbrev  0x000000000000d15d      0x2de /var/www/html/antmedia/glibc-2.29/build/libc_pic.a(close_nocancel.os)
 .debug_abbrev  0x000000000000d43b      0x389 /var/www/html/antmedia/glibc-2.29/build/libc_pic.a(fcntl_nocancel.os)
 .debug_abbrev  0x000000000000d7c4      0x1ab /var/www/html/antmedia/glibc-2.29/build/libc_pic.a(open64_nocancel.os)
 .debug_abbrev  0x000000000000d96f      0x2ff /var/www/html/antmedia/glibc-2.29/build/libc_pic.a(openat64_nocancel.os)
 .debug_abbrev  0x000000000000dc6e      0x2ed /var/www/html/antmedia/glibc-2.29/build/libc_pic.a(read_nocancel.os)
 .debug_abbrev  0x000000000000df5b      0x2ed /var/www/html/antmedia/glibc-2.29/build/libc_pic.a(write_nocancel.os)
 .debug_abbrev  0x000000000000e248      0x1db /var/www/html/antmedia/glibc-2.29/build/libc_pic.a(mmap64.os)
 .debug_abbrev  0x000000000000e423       0x14 /var/www/html/antmedia/glibc-2.29/build/libc_pic.a(munmap.os)
 .debug_abbrev  0x000000000000e437       0x14 /var/www/html/antmedia/glibc-2.29/build/libc_pic.a(mprotect.os)
 .debug_abbrev  0x000000000000e44b      0x33c /var/www/html/antmedia/glibc-2.29/build/libc_pic.a(profil.os)
 .debug_abbrev  0x000000000000e787      0x2f0 /var/www/html/antmedia/glibc-2.29/build/libc_pic.a(prof-freq.os)
 .debug_abbrev  0x000000000000ea77      0x1be /var/www/html/antmedia/glibc-2.29/build/libc_pic.a(libc-lowlevellock.os)
 .debug_abbrev  0x000000000000ec35      0x303 /var/www/html/antmedia/glibc-2.29/build/libc_pic.a(dl-addr-obj.os)
 .debug_abbrev  0x000000000000ef38      0x157 /var/www/html/antmedia/glibc-2.29/build/libc_pic.a(sysdep.os)
 .debug_abbrev  0x000000000000f08f      0x28e /var/www/html/antmedia/glibc-2.29/build/libc_pic.a(sigaction.os)
 .debug_abbrev  0x000000000000f31d       0x14 /var/www/html/antmedia/glibc-2.29/build/libc_pic.a(setitimer.os)
 .debug_abbrev  0x000000000000f331      0x2d5 /var/www/html/antmedia/glibc-2.29/build/libc_pic.a(getdents64.os)

.debug_line     0x0000000000000000    0x190f9
 *(.debug_line .debug_line.* .debug_line_end)
 .debug_line    0x0000000000000000    0x10fab /var/www/html/antmedia/glibc-2.29/build/elf/dl-allobjs.os
 .debug_line    0x0000000000010fab      0x2e9 /var/www/html/antmedia/glibc-2.29/build/libc_pic.a(check_fds.os)
 .debug_line    0x0000000000011294      0x1ad /var/www/html/antmedia/glibc-2.29/build/libc_pic.a(errno.os)
 .debug_line    0x0000000000011441       0x63 /var/www/html/antmedia/glibc-2.29/build/libc_pic.a(setjmp.os)
 .debug_line    0x00000000000114a4       0x65 /var/www/html/antmedia/glibc-2.29/build/libc_pic.a(__longjmp.os)
 .debug_line    0x0000000000011509      0x26e /var/www/html/antmedia/glibc-2.29/build/libc_pic.a(scratch_buffer_set_array_size.os)
 .debug_line    0x0000000000011777       0x86 /var/www/html/antmedia/glibc-2.29/build/libc_pic.a(strchr.os)
 .debug_line    0x00000000000117fd       0x89 /var/www/html/antmedia/glibc-2.29/build/libc_pic.a(strcmp.os)
 .debug_line    0x0000000000011886       0xf5 /var/www/html/antmedia/glibc-2.29/build/libc_pic.a(strcspn.os)
 .debug_line    0x000000000001197b       0xc0 /var/www/html/antmedia/glibc-2.29/build/libc_pic.a(strdup.os)
 .debug_line    0x0000000000011a3b      0x4d2 /var/www/html/antmedia/glibc-2.29/build/libc_pic.a(strlen.os)
 .debug_line    0x0000000000011f0d       0x87 /var/www/html/antmedia/glibc-2.29/build/libc_pic.a(strnlen.os)
 .debug_line    0x0000000000011f94       0xbd /var/www/html/antmedia/glibc-2.29/build/libc_pic.a(strncmp.os)
 .debug_line    0x0000000000012051       0x84 /var/www/html/antmedia/glibc-2.29/build/libc_pic.a(memchr.os)
 .debug_line    0x00000000000120d5       0x90 /var/www/html/antmedia/glibc-2.29/build/libc_pic.a(memcmp.os)
 .debug_line    0x0000000000012165      0x4e8 /var/www/html/antmedia/glibc-2.29/build/libc_pic.a(memmove.os)
 .debug_line    0x000000000001264d      0x4e3 /var/www/html/antmedia/glibc-2.29/build/libc_pic.a(memset.os)
 .debug_line    0x0000000000012b30       0x83 /var/www/html/antmedia/glibc-2.29/build/libc_pic.a(mempcpy.os)
 .debug_line    0x0000000000012bb3       0xbc /var/www/html/antmedia/glibc-2.29/build/libc_pic.a(stpcpy.os)
 .debug_line    0x0000000000012c6f      0x501 /var/www/html/antmedia/glibc-2.29/build/libc_pic.a(memcpy.os)
 .debug_line    0x0000000000013170       0x59 /var/www/html/antmedia/glibc-2.29/build/libc_pic.a(rawmemchr.os)
 .debug_line    0x00000000000131c9       0x80 /var/www/html/antmedia/glibc-2.29/build/libc_pic.a(strchrnul.os)
 .debug_line    0x0000000000013249       0xe3 /var/www/html/antmedia/glibc-2.29/build/libc_pic.a(memcpy_generic.os)
 .debug_line    0x000000000001332c      0x104 /var/www/html/antmedia/glibc-2.29/build/libc_pic.a(memcpy_thunderx.os)
 .debug_line    0x0000000000013430      0x19e /var/www/html/antmedia/glibc-2.29/build/libc_pic.a(memcpy_thunderx2.os)
 .debug_line    0x00000000000135ce       0xb0 /var/www/html/antmedia/glibc-2.29/build/libc_pic.a(memcpy_falkor.os)
 .debug_line    0x000000000001367e       0xd2 /var/www/html/antmedia/glibc-2.29/build/libc_pic.a(memmove_falkor.os)
 .debug_line    0x0000000000013750       0xc3 /var/www/html/antmedia/glibc-2.29/build/libc_pic.a(memset_generic.os)
 .debug_line    0x0000000000013813       0x7f /var/www/html/antmedia/glibc-2.29/build/libc_pic.a(memset_falkor.os)
 .debug_line    0x0000000000013892       0xb0 /var/www/html/antmedia/glibc-2.29/build/libc_pic.a(strlen_generic.os)
 .debug_line    0x0000000000013942       0x93 /var/www/html/antmedia/glibc-2.29/build/libc_pic.a(strlen_asimd.os)
 .debug_line    0x00000000000139d5      0x479 /var/www/html/antmedia/glibc-2.29/build/libc_pic.a(closedir.os)
 .debug_line    0x0000000000013e4e      0x458 /var/www/html/antmedia/glibc-2.29/build/libc_pic.a(rewinddir.os)
 .debug_line    0x00000000000142a6      0x4a3 /var/www/html/antmedia/glibc-2.29/build/libc_pic.a(readdir64.os)
 .debug_line    0x0000000000014749      0x4d4 /var/www/html/antmedia/glibc-2.29/build/libc_pic.a(fdopendir.os)
 .debug_line    0x0000000000014c1d       0x59 /var/www/html/antmedia/glibc-2.29/build/libc_pic.a(uname.os)
 .debug_line    0x0000000000014c76      0x22e /var/www/html/antmedia/glibc-2.29/build/libc_pic.a(_exit.os)
 .debug_line    0x0000000000014ea4       0x57 /var/www/html/antmedia/glibc-2.29/build/libc_pic.a(getpid.os)
 .debug_line    0x0000000000014efb       0x75 /var/www/html/antmedia/glibc-2.29/build/libc_pic.a(environ.os)
 .debug_line    0x0000000000014f70      0x246 /var/www/html/antmedia/glibc-2.29/build/libc_pic.a(xstat.os)
 .debug_line    0x00000000000151b6      0x240 /var/www/html/antmedia/glibc-2.29/build/libc_pic.a(fxstat.os)
 .debug_line    0x00000000000153f6      0x247 /var/www/html/antmedia/glibc-2.29/build/libc_pic.a(lxstat.os)
 .debug_line    0x000000000001563d      0x21b /var/www/html/antmedia/glibc-2.29/build/libc_pic.a(lseek64.os)
 .debug_line    0x0000000000015858      0x469 /var/www/html/antmedia/glibc-2.29/build/libc_pic.a(access.os)
 .debug_line    0x0000000000015cc1      0x45f /var/www/html/antmedia/glibc-2.29/build/libc_pic.a(close_nocancel.os)
 .debug_line    0x0000000000016120      0x4ad /var/www/html/antmedia/glibc-2.29/build/libc_pic.a(fcntl_nocancel.os)
 .debug_line    0x00000000000165cd      0x298 /var/www/html/antmedia/glibc-2.29/build/libc_pic.a(open64_nocancel.os)
 .debug_line    0x0000000000016865      0x4a0 /var/www/html/antmedia/glibc-2.29/build/libc_pic.a(openat64_nocancel.os)
 .debug_line    0x0000000000016d05      0x45e /var/www/html/antmedia/glibc-2.29/build/libc_pic.a(read_nocancel.os)
 .debug_line    0x0000000000017163      0x45f /var/www/html/antmedia/glibc-2.29/build/libc_pic.a(write_nocancel.os)
 .debug_line    0x00000000000175c2      0x266 /var/www/html/antmedia/glibc-2.29/build/libc_pic.a(mmap64.os)
 .debug_line    0x0000000000017828       0x59 /var/www/html/antmedia/glibc-2.29/build/libc_pic.a(munmap.os)
 .debug_line    0x0000000000017881       0x59 /var/www/html/antmedia/glibc-2.29/build/libc_pic.a(mprotect.os)
 .debug_line    0x00000000000178da      0x3fa /var/www/html/antmedia/glibc-2.29/build/libc_pic.a(profil.os)
 .debug_line    0x0000000000017cd4      0x4e1 /var/www/html/antmedia/glibc-2.29/build/libc_pic.a(prof-freq.os)
 .debug_line    0x00000000000181b5      0x1d9 /var/www/html/antmedia/glibc-2.29/build/libc_pic.a(libc-lowlevellock.os)
 .debug_line    0x000000000001838e      0x449 /var/www/html/antmedia/glibc-2.29/build/libc_pic.a(dl-addr-obj.os)
 .debug_line    0x00000000000187d7      0x1c5 /var/www/html/antmedia/glibc-2.29/build/libc_pic.a(sysdep.os)
 .debug_line    0x000000000001899c      0x340 /var/www/html/antmedia/glibc-2.29/build/libc_pic.a(sigaction.os)
 .debug_line    0x0000000000018cdc       0x59 /var/www/html/antmedia/glibc-2.29/build/libc_pic.a(setitimer.os)
 .debug_line    0x0000000000018d35      0x3c4 /var/www/html/antmedia/glibc-2.29/build/libc_pic.a(getdents64.os)

.debug_frame    0x0000000000000000     0x2f38
 *(.debug_frame)
 .debug_frame   0x0000000000000000     0x2780 /var/www/html/antmedia/glibc-2.29/build/elf/dl-allobjs.os
 .debug_frame   0x0000000000002780       0x70 /var/www/html/antmedia/glibc-2.29/build/libc_pic.a(check_fds.os)
 .debug_frame   0x00000000000027f0       0x68 /var/www/html/antmedia/glibc-2.29/build/libc_pic.a(scratch_buffer_set_array_size.os)
 .debug_frame   0x0000000000002858       0x48 /var/www/html/antmedia/glibc-2.29/build/libc_pic.a(strcspn.os)
 .debug_frame   0x00000000000028a0       0x50 /var/www/html/antmedia/glibc-2.29/build/libc_pic.a(strdup.os)
 .debug_frame   0x00000000000028f0       0x28 /var/www/html/antmedia/glibc-2.29/build/libc_pic.a(strlen.os)
 .debug_frame   0x0000000000002918       0x28 /var/www/html/antmedia/glibc-2.29/build/libc_pic.a(memmove.os)
 .debug_frame   0x0000000000002940       0x28 /var/www/html/antmedia/glibc-2.29/build/libc_pic.a(memset.os)
 .debug_frame   0x0000000000002968       0x40 /var/www/html/antmedia/glibc-2.29/build/libc_pic.a(mempcpy.os)
 .debug_frame   0x00000000000029a8       0x28 /var/www/html/antmedia/glibc-2.29/build/libc_pic.a(memcpy.os)
 .debug_frame   0x00000000000029d0       0x40 /var/www/html/antmedia/glibc-2.29/build/libc_pic.a(closedir.os)
 .debug_frame   0x0000000000002a10       0x50 /var/www/html/antmedia/glibc-2.29/build/libc_pic.a(rewinddir.os)
 .debug_frame   0x0000000000002a60       0x60 /var/www/html/antmedia/glibc-2.29/build/libc_pic.a(readdir64.os)
 .debug_frame   0x0000000000002ac0       0x50 /var/www/html/antmedia/glibc-2.29/build/libc_pic.a(fdopendir.os)
 .debug_frame   0x0000000000002b10       0x28 /var/www/html/antmedia/glibc-2.29/build/libc_pic.a(_exit.os)
 .debug_frame   0x0000000000002b38       0x28 /var/www/html/antmedia/glibc-2.29/build/libc_pic.a(xstat.os)
 .debug_frame   0x0000000000002b60       0x28 /var/www/html/antmedia/glibc-2.29/build/libc_pic.a(fxstat.os)
 .debug_frame   0x0000000000002b88       0x28 /var/www/html/antmedia/glibc-2.29/build/libc_pic.a(lxstat.os)
 .debug_frame   0x0000000000002bb0       0x28 /var/www/html/antmedia/glibc-2.29/build/libc_pic.a(lseek64.os)
 .debug_frame   0x0000000000002bd8       0x28 /var/www/html/antmedia/glibc-2.29/build/libc_pic.a(access.os)
 .debug_frame   0x0000000000002c00       0x28 /var/www/html/antmedia/glibc-2.29/build/libc_pic.a(close_nocancel.os)
 .debug_frame   0x0000000000002c28       0x60 /var/www/html/antmedia/glibc-2.29/build/libc_pic.a(fcntl_nocancel.os)
 .debug_frame   0x0000000000002c88       0x38 /var/www/html/antmedia/glibc-2.29/build/libc_pic.a(open64_nocancel.os)
 .debug_frame   0x0000000000002cc0       0x38 /var/www/html/antmedia/glibc-2.29/build/libc_pic.a(openat64_nocancel.os)
 .debug_frame   0x0000000000002cf8       0x28 /var/www/html/antmedia/glibc-2.29/build/libc_pic.a(read_nocancel.os)
 .debug_frame   0x0000000000002d20       0x28 /var/www/html/antmedia/glibc-2.29/build/libc_pic.a(write_nocancel.os)
 .debug_frame   0x0000000000002d48       0x28 /var/www/html/antmedia/glibc-2.29/build/libc_pic.a(mmap64.os)
 .debug_frame   0x0000000000002d70       0x90 /var/www/html/antmedia/glibc-2.29/build/libc_pic.a(profil.os)
 .debug_frame   0x0000000000002e00       0x28 /var/www/html/antmedia/glibc-2.29/build/libc_pic.a(prof-freq.os)
 .debug_frame   0x0000000000002e28       0x28 /var/www/html/antmedia/glibc-2.29/build/libc_pic.a(libc-lowlevellock.os)
 .debug_frame   0x0000000000002e50       0x28 /var/www/html/antmedia/glibc-2.29/build/libc_pic.a(dl-addr-obj.os)
 .debug_frame   0x0000000000002e78       0x28 /var/www/html/antmedia/glibc-2.29/build/libc_pic.a(sysdep.os)